Archive member included because of file (symbol)

c:/ed/arduino-1.5.6-r2/hardware/tools/avr/bin/../lib/gcc/avr/4.3.2/../../../../avr/lib/avr5\libm.a(addsf3.o)
                              ./Arduino/Print.o (__subsf3)
c:/ed/arduino-1.5.6-r2/hardware/tools/avr/bin/../lib/gcc/avr/4.3.2/../../../../avr/lib/avr5\libm.a(addsf3x.o)
                              c:/ed/arduino-1.5.6-r2/hardware/tools/avr/bin/../lib/gcc/avr/4.3.2/../../../../avr/lib/avr5\libm.a(addsf3.o) (__addsf3x)
c:/ed/arduino-1.5.6-r2/hardware/tools/avr/bin/../lib/gcc/avr/4.3.2/../../../../avr/lib/avr5\libm.a(cmpsf2.o)
                              ./ZiinodeGsm.o (__eqsf2)
c:/ed/arduino-1.5.6-r2/hardware/tools/avr/bin/../lib/gcc/avr/4.3.2/../../../../avr/lib/avr5\libm.a(divsf3.o)
                              ./Arduino/Print.o (__divsf3)
c:/ed/arduino-1.5.6-r2/hardware/tools/avr/bin/../lib/gcc/avr/4.3.2/../../../../avr/lib/avr5\libm.a(divsf3x.o)
                              c:/ed/arduino-1.5.6-r2/hardware/tools/avr/bin/../lib/gcc/avr/4.3.2/../../../../avr/lib/avr5\libm.a(divsf3.o) (__divsf3x)
c:/ed/arduino-1.5.6-r2/hardware/tools/avr/bin/../lib/gcc/avr/4.3.2/../../../../avr/lib/avr5\libm.a(fixsfsi.o)
                              ./Arduino/Print.o (__fixsfsi)
c:/ed/arduino-1.5.6-r2/hardware/tools/avr/bin/../lib/gcc/avr/4.3.2/../../../../avr/lib/avr5\libm.a(fixunssfsi.o)
                              ./Arduino/Print.o (__fixunssfsi)
c:/ed/arduino-1.5.6-r2/hardware/tools/avr/bin/../lib/gcc/avr/4.3.2/../../../../avr/lib/avr5\libm.a(floatsisf.o)
                              ./Arduino/Print.o (__floatunsisf)
c:/ed/arduino-1.5.6-r2/hardware/tools/avr/bin/../lib/gcc/avr/4.3.2/../../../../avr/lib/avr5\libm.a(fp_cmp.o)
                              c:/ed/arduino-1.5.6-r2/hardware/tools/avr/bin/../lib/gcc/avr/4.3.2/../../../../avr/lib/avr5\libm.a(cmpsf2.o) (__fp_cmp)
c:/ed/arduino-1.5.6-r2/hardware/tools/avr/bin/../lib/gcc/avr/4.3.2/../../../../avr/lib/avr5\libm.a(fp_inf.o)
                              c:/ed/arduino-1.5.6-r2/hardware/tools/avr/bin/../lib/gcc/avr/4.3.2/../../../../avr/lib/avr5\libm.a(addsf3x.o) (__fp_inf)
c:/ed/arduino-1.5.6-r2/hardware/tools/avr/bin/../lib/gcc/avr/4.3.2/../../../../avr/lib/avr5\libm.a(fp_nan.o)
                              c:/ed/arduino-1.5.6-r2/hardware/tools/avr/bin/../lib/gcc/avr/4.3.2/../../../../avr/lib/avr5\libm.a(addsf3x.o) (__fp_nan)
c:/ed/arduino-1.5.6-r2/hardware/tools/avr/bin/../lib/gcc/avr/4.3.2/../../../../avr/lib/avr5\libm.a(fp_pscA.o)
                              c:/ed/arduino-1.5.6-r2/hardware/tools/avr/bin/../lib/gcc/avr/4.3.2/../../../../avr/lib/avr5\libm.a(addsf3x.o) (__fp_pscA)
c:/ed/arduino-1.5.6-r2/hardware/tools/avr/bin/../lib/gcc/avr/4.3.2/../../../../avr/lib/avr5\libm.a(fp_pscB.o)
                              c:/ed/arduino-1.5.6-r2/hardware/tools/avr/bin/../lib/gcc/avr/4.3.2/../../../../avr/lib/avr5\libm.a(addsf3x.o) (__fp_pscB)
c:/ed/arduino-1.5.6-r2/hardware/tools/avr/bin/../lib/gcc/avr/4.3.2/../../../../avr/lib/avr5\libm.a(fp_round.o)
                              c:/ed/arduino-1.5.6-r2/hardware/tools/avr/bin/../lib/gcc/avr/4.3.2/../../../../avr/lib/avr5\libm.a(addsf3.o) (__fp_round)
c:/ed/arduino-1.5.6-r2/hardware/tools/avr/bin/../lib/gcc/avr/4.3.2/../../../../avr/lib/avr5\libm.a(fp_split3.o)
                              c:/ed/arduino-1.5.6-r2/hardware/tools/avr/bin/../lib/gcc/avr/4.3.2/../../../../avr/lib/avr5\libm.a(addsf3x.o) (__fp_split3)
c:/ed/arduino-1.5.6-r2/hardware/tools/avr/bin/../lib/gcc/avr/4.3.2/../../../../avr/lib/avr5\libm.a(fp_zero.o)
                              c:/ed/arduino-1.5.6-r2/hardware/tools/avr/bin/../lib/gcc/avr/4.3.2/../../../../avr/lib/avr5\libm.a(addsf3x.o) (__fp_zero)
c:/ed/arduino-1.5.6-r2/hardware/tools/avr/bin/../lib/gcc/avr/4.3.2/../../../../avr/lib/avr5\libm.a(gesf2.o)
                              ./DHT.o (__gesf2)
c:/ed/arduino-1.5.6-r2/hardware/tools/avr/bin/../lib/gcc/avr/4.3.2/../../../../avr/lib/avr5\libm.a(log.o)
                              ./ZiinodeGsm.o (log)
c:/ed/arduino-1.5.6-r2/hardware/tools/avr/bin/../lib/gcc/avr/4.3.2/../../../../avr/lib/avr5\libm.a(mulsf3.o)
                              ./Arduino/Print.o (__mulsf3)
c:/ed/arduino-1.5.6-r2/hardware/tools/avr/bin/../lib/gcc/avr/4.3.2/../../../../avr/lib/avr5\libm.a(mulsf3x.o)
                              c:/ed/arduino-1.5.6-r2/hardware/tools/avr/bin/../lib/gcc/avr/4.3.2/../../../../avr/lib/avr5\libm.a(log.o) (__mulsf3x)
c:/ed/arduino-1.5.6-r2/hardware/tools/avr/bin/../lib/gcc/avr/4.3.2/../../../../avr/lib/avr5\libm.a(sqrt.o)
                              ./DHT.o (sqrt)
c:/ed/arduino-1.5.6-r2/hardware/tools/avr/bin/../lib/gcc/avr/4.3.2/../../../../avr/lib/avr5\libm.a(unordsf2.o)
                              ./Arduino/Print.o (__unordsf2)
c:/ed/arduino-1.5.6-r2/hardware/tools/avr/bin/../lib/gcc/avr/4.3.2/../../../../avr/lib/avr5\libm.a(fp_mpack.o)
[...]
Memory Configuration

Name             Origin             Length             Attributes
text             0x00000000         0x00020000         xr
data             0x00800060         0x0000ffa0         rw !x
eeprom           0x00810000         0x00010000         rw !x
fuse             0x00820000         0x00000400         rw !x
lock             0x00830000         0x00000400         rw !x
signature        0x00840000         0x00000400         rw !x
*default*        0x00000000         0xffffffff

Linker script and memory map

Address of section .data set to 0x800100
LOAD c:/ed/arduino-1.5.6-r2/hardware/tools/avr/bin/../lib/gcc/avr/4.3.2/../../../../avr/lib/avr5/crtm644p.o
LOAD ./pcint/PinChangeInterrupt.o
LOAD ./pcint/PinChangeInterrupt0.o
LOAD ./pcint/PinChangeInterrupt1.o
LOAD ./pcint/PinChangeInterrupt2.o
LOAD ./pcint/PinChangeInterrupt3.o
LOAD ./gsm/AGSMSSL.o
LOAD ./gsm/AGSMSSLProvicer.o
LOAD ./gsm/GSM3CircularBuffer.o
LOAD ./gsm/GSM3MobileAccessProvider.o
LOAD ./gsm/GSM3MobileClientProvider.o
LOAD ./gsm/GSM3MobileClientService.o
LOAD ./gsm/GSM3MobileDataNetworkProvider.o
LOAD ./gsm/GSM3MobileNetworkProvider.o
LOAD ./gsm/GSM3MobileNetworkRegistry.o
LOAD ./gsm/GSM3MobileSMSProvider.o
LOAD ./gsm/GSM3SMSService.o
LOAD ./gsm/GSM3ShieldV1.o
LOAD ./gsm/GSM3ShieldV1AccessProvider.o
LOAD ./gsm/GSM3ShieldV1BaseProvider.o
LOAD ./gsm/GSM3ShieldV1ClientProvider.o
LOAD ./gsm/GSM3ShieldV1DataNetworkProvider.o
LOAD ./gsm/GSM3ShieldV1DirectModemProvider.o
LOAD ./gsm/GSM3ShieldV1ModemCore.o
LOAD ./gsm/GSM3ShieldV1MultiClientProvider.o
LOAD ./gsm/GSM3ShieldV1SMSProvider.o
LOAD ./gsm/GSM3SoftSerial.o
LOAD ./NeoHWSerial/NeoHWSerial.o
LOAD ./NeoHWSerial/NeoHWSerial0.o
LOAD ./NeoHWSerial/NeoHWSerial1.o
LOAD ./NeoHWSerial/NeoHWSerial2.o
LOAD ./NeoHWSerial/NeoHWSerial3.o
LOAD ./Arduino/avr-libc/malloc.o
LOAD ./Arduino/avr-libc/realloc.o
LOAD ./Arduino/CDC.o
LOAD ./Arduino/HID.o
LOAD ./Arduino/HardwareSerial.o
LOAD ./Arduino/HardwareSerial0.o
LOAD ./Arduino/HardwareSerial1.o
LOAD ./Arduino/HardwareSerial2.o
LOAD ./Arduino/HardwareSerial3.o
LOAD ./Arduino/IPAddress.o
LOAD ./Arduino/Print.o
LOAD ./Arduino/Stream.o
LOAD ./Arduino/Tone.o
LOAD ./Arduino/USBCore.o
LOAD ./Arduino/WInterrupts.o
LOAD ./Arduino/WMath.o
LOAD ./Arduino/WString.o
LOAD ./Arduino/hooks.o
LOAD ./Arduino/main.o
LOAD ./Arduino/new.o
LOAD ./Arduino/wiring.o
LOAD ./Arduino/wiring_analog.o
LOAD ./Arduino/wiring_digital.o
LOAD ./Arduino/wiring_pulse.o
LOAD ./Arduino/wiring_shift.o
LOAD ./ByteBuffer.o
LOAD ./DHT.o
LOAD ./DS1820.o
LOAD ./DallasTemperature.o
LOAD ./HttpClient.o
LOAD ./OneWire.o
LOAD ./ZiinodeGsm.o
LOAD ./b64.o
LOAD ./main.o
LOAD c:/ed/arduino-1.5.6-r2/hardware/tools/avr/bin/../lib/gcc/avr/4.3.2/../../../../avr/lib/avr5\libm.a
LOAD c:/ed/arduino-1.5.6-r2/hardware/tools/avr/bin/../lib/gcc/avr/4.3.2/avr5\libgcc.a
LOAD c:/ed/arduino-1.5.6-r2/hardware/tools/avr/bin/../lib/gcc/avr/4.3.2/../../../../avr/lib/avr5\libm.a
LOAD c:/ed/arduino-1.5.6-r2/hardware/tools/avr/bin/../lib/gcc/avr/4.3.2/avr5\libgcc.a
LOAD c:/ed/arduino-1.5.6-r2/hardware/tools/avr/bin/../lib/gcc/avr/4.3.2/../../../../avr/lib/avr5\libc.a
LOAD c:/ed/arduino-1.5.6-r2/hardware/tools/avr/bin/../lib/gcc/avr/4.3.2/avr5\libgcc.a

.hash
 *(.hash)

.dynsym
 *(.dynsym)

.dynstr
 *(.dynstr)

.gnu.version
 *(.gnu.version)

.gnu.version_d
 *(.gnu.version_d)

.gnu.version_r
 *(.gnu.version_r)

.rel.init
 *(.rel.init)

.rela.init
 *(.rela.init)

.rel.text
 *(.rel.text)
 *(.rel.text.*)
 *(.rel.gnu.linkonce.t*)

.rela.text
 *(.rela.text)
 *(.rela.text.*)
 *(.rela.gnu.linkonce.t*)

.rel.fini
 *(.rel.fini)

.rela.fini
 *(.rela.fini)

.rel.rodata
 *(.rel.rodata)
 *(.rel.rodata.*)
 *(.rel.gnu.linkonce.r*)

.rela.rodata
 *(.rela.rodata)
 *(.rela.rodata.*)
 *(.rela.gnu.linkonce.r*)

.rel.data
 *(.rel.data)
 *(.rel.data.*)
 *(.rel.gnu.linkonce.d*)

.rela.data
 *(.rela.data)
 *(.rela.data.*)
 *(.rela.gnu.linkonce.d*)

.rel.ctors
 *(.rel.ctors)

.rela.ctors
 *(.rela.ctors)

.rel.dtors
 *(.rel.dtors)

.rela.dtors
 *(.rela.dtors)

.rel.got
 *(.rel.got)

.rela.got
 *(.rela.got)

.rel.bss
 *(.rel.bss)

.rela.bss
 *(.rela.bss)

.rel.plt
 *(.rel.plt)

.rela.plt
 *(.rela.plt)

.text           0x00000000     0x8fde
 *(.vectors)
 .vectors       0x00000000       0x7c c:/ed/arduino-1.5.6-r2/hardware/tools/avr/bin/../lib/gcc/avr/4.3.2/../../../../avr/lib/avr5/crtm644p.o
                0x00000000                __vectors
                0x00000000                __vector_default
 *(.vectors)
 *(.progmem.gcc*)
 .progmem.gcc_fplib
                0x0000007c       0x5a c:/ed/arduino-1.5.6-r2/hardware/tools/avr/bin/../lib/gcc/avr/4.3.2/../../../../avr/lib/avr5\libm.a(log.o)
 *(.progmem*)
 .progmem.data  0x000000d6       0x49 ./gsm/GSM3ShieldV1AccessProvider.o
 .progmem.data  0x0000011f       0x7d ./gsm/GSM3ShieldV1ClientProvider.o
 .progmem.data  0x0000019c       0x39 ./gsm/GSM3ShieldV1DataNetworkProvider.o
 .progmem.data  0x000001d5       0x2a ./gsm/GSM3ShieldV1SMSProvider.o
 .progmem.data  0x000001ff        0x1 ./Arduino/Tone.o
 .progmem.data  0x00000200       0x7e ./Arduino/wiring_digital.o
                0x00000200                port_to_mode_PGM
                0x0000021e                digital_pin_to_port_PGM
                0x0000023e                digital_pin_to_bit_mask_PGM
                0x0000020a                port_to_output_PGM
                0x00000214                port_to_input_PGM
                0x0000025e                digital_pin_to_timer_PGM
 .progmem.data  0x0000027e      0x100 ./OneWire.o
                0x0000037e                . = ALIGN (0x2)
                0x0000037e                __trampolines_start = .
 *(.trampolines)
 .trampolines   0x0000037e        0x0 linker stubs
 *(.trampolines*)
                0x0000037e                __trampolines_end = .
 *(.jumptables)
 *(.jumptables*)
 *(.lowtext)
 *(.lowtext*)
                0x0000037e                __ctors_start = .
 *(.ctors)
 .ctors         0x0000037e        0x2 ./gsm/AGSMSSL.o
 .ctors         0x00000380        0x2 ./gsm/AGSMSSLProvicer.o
 .ctors         0x00000382        0x2 ./gsm/GSM3MobileClientProvider.o
 .ctors         0x00000384        0x2 ./gsm/GSM3MobileClientService.o
 .ctors         0x00000386        0x2 ./gsm/GSM3MobileNetworkProvider.o
 .ctors         0x00000388        0x2 ./gsm/GSM3MobileNetworkRegistry.o
 .ctors         0x0000038a        0x2 ./gsm/GSM3SMSService.o
 .ctors         0x0000038c        0x2 ./gsm/GSM3ShieldV1.o
 .ctors         0x0000038e        0x2 ./gsm/GSM3ShieldV1ClientProvider.o
 .ctors         0x00000390        0x2 ./gsm/GSM3ShieldV1DataNetworkProvider.o
 .ctors         0x00000392        0x2 ./gsm/GSM3ShieldV1DirectModemProvider.o
 .ctors         0x00000394        0x2 ./gsm/GSM3ShieldV1ModemCore.o
 .ctors         0x00000396        0x2 ./gsm/GSM3ShieldV1MultiClientProvider.o
 .ctors         0x00000398        0x2 ./NeoHWSerial/NeoHWSerial0.o
 .ctors         0x0000039a        0x2 ./NeoHWSerial/NeoHWSerial1.o
 .ctors         0x0000039c        0x2 ./Arduino/IPAddress.o
 .ctors         0x0000039e        0x2 ./HttpClient.o
 .ctors         0x000003a0        0x2 ./ZiinodeGsm.o
 .ctors         0x000003a2        0x2 ./main.o
                0x000003a4                __ctors_end = .
                0x000003a4                __dtors_start = .
 *(.dtors)
 .dtors         0x000003a4        0x2 ./ZiinodeGsm.o
                0x000003a6                __dtors_end = .
 SORT(*)(.ctors)
 SORT(*)(.dtors)
 *(.init0)
 .init0         0x000003a6        0x0 c:/ed/arduino-1.5.6-r2/hardware/tools/avr/bin/../lib/gcc/avr/4.3.2/../../../../avr/lib/avr5/crtm644p.o
                0x000003a6                __init
 *(.init0)
 *(.init1)
 *(.init1)
 *(.init2)
 .init2         0x000003a6        0xc c:/ed/arduino-1.5.6-r2/hardware/tools/avr/bin/../lib/gcc/avr/4.3.2/../../../../avr/lib/avr5/crtm644p.o
 *(.init2)
 *(.init3)
 *(.init3)
 *(.init4)
 .init4         0x000003b2       0x16 c:/ed/arduino-1.5.6-r2/hardware/tools/avr/bin/../lib/gcc/avr/4.3.2/avr5\libgcc.a(_copy_data.o)
                0x000003b2                __do_copy_data
 .init4         0x000003c8       0x10 c:/ed/arduino-1.5.6-r2/hardware/tools/avr/bin/../lib/gcc/avr/4.3.2/avr5\libgcc.a(_clear_bss.o)
                0x000003c8                __do_clear_bss
 *(.init4)
 *(.init5)
 *(.init5)
 *(.init6)
 .init6         0x000003d8       0x16 c:/ed/arduino-1.5.6-r2/hardware/tools/avr/bin/../lib/gcc/avr/4.3.2/avr5\libgcc.a(_ctors.o)
                0x000003d8                __do_global_ctors
 *(.init6)
 *(.init7)
 *(.init7)
 *(.init8)
 *(.init8)
 *(.init9)
 .init9         0x000003ee        0x8 c:/ed/arduino-1.5.6-r2/hardware/tools/avr/bin/../lib/gcc/avr/4.3.2/../../../../avr/lib/avr5/crtm644p.o
 *(.init9)
 *(.text)
 .text          0x000003f6        0x2 c:/ed/arduino-1.5.6-r2/hardware/tools/avr/bin/../lib/gcc/avr/4.3.2/../../../../avr/lib/avr5/crtm644p.o
                0x000003f6                __vector_22
                0x000003f6                __vector_24
                0x000003f6                __vector_12
                0x000003f6                __bad_interrupt
                0x000003f6                __vector_23
                0x000003f6                __vector_30
                0x000003f6                __vector_25
                0x000003f6                __vector_11
                0x000003f6                __vector_13
                0x000003f6                __vector_17
                0x000003f6                __vector_19
                0x000003f6                __vector_27
                0x000003f6                __vector_15
                0x000003f6                __vector_26
                0x000003f6                __vector_14
                0x000003f6                __vector_10
                0x000003f6                __vector_16
 .text          0x000003f8       0x12 c:/ed/arduino-1.5.6-r2/hardware/tools/avr/bin/../lib/gcc/avr/4.3.2/../../../../avr/lib/avr5\libc.a(memcpy.o)
                0x000003f8                memcpy
 .text          0x0000040a        0xe c:/ed/arduino-1.5.6-r2/hardware/tools/avr/bin/../lib/gcc/avr/4.3.2/../../../../avr/lib/avr5\libc.a(strcpy.o)
                0x0000040a                strcpy
 .text          0x00000418       0x1e c:/ed/arduino-1.5.6-r2/hardware/tools/avr/bin/../lib/gcc/avr/4.3.2/../../../../avr/lib/avr5\libc.a(strncpy.o)
                0x00000418                strncpy
 .text          0x00000436       0x38 c:/ed/arduino-1.5.6-r2/hardware/tools/avr/bin/../lib/gcc/avr/4.3.2/../../../../avr/lib/avr5\libc.a(eerd_block.o)
                0x00000436                __eerd_block
 .text          0x0000046e       0x38 c:/ed/arduino-1.5.6-r2/hardware/tools/avr/bin/../lib/gcc/avr/4.3.2/../../../../avr/lib/avr5\libc.a(eewr_block.o)
                0x0000046e                __eewr_block
 .text          0x000004a6       0x46 c:/ed/arduino-1.5.6-r2/hardware/tools/avr/bin/../lib/gcc/avr/4.3.2/../../../../avr/lib/avr5\libc.a(sprintf.o)
                0x000004a6                sprintf
 .text          0x000004ec       0x36 c:/ed/arduino-1.5.6-r2/hardware/tools/avr/bin/../lib/gcc/avr/4.3.2/../../../../avr/lib/avr5\libc.a(vsprintf.o)
                0x000004ec                vsprintf
 .text          0x00000522      0x3a0 c:/ed/arduino-1.5.6-r2/hardware/tools/avr/bin/../lib/gcc/avr/4.3.2/../../../../avr/lib/avr5\libc.a(vfprintf_std.o)
                0x00000522                vfprintf
 .text          0x000008c2       0x16 c:/ed/arduino-1.5.6-r2/hardware/tools/avr/bin/../lib/gcc/avr/4.3.2/../../../../avr/lib/avr5\libc.a(strnlen_P.o)
                0x000008c2                strnlen_P
 .text          0x000008d8       0x16 c:/ed/arduino-1.5.6-r2/hardware/tools/avr/bin/../lib/gcc/avr/4.3.2/../../../../avr/lib/avr5\libc.a(strnlen.o)
                0x000008d8                strnlen
 .text          0x000008ee       0x58 c:/ed/arduino-1.5.6-r2/hardware/tools/avr/bin/../lib/gcc/avr/4.3.2/../../../../avr/lib/avr5\libc.a(fputc.o)
                0x000008ee                fputc
 .text          0x00000946       0xbc c:/ed/arduino-1.5.6-r2/hardware/tools/avr/bin/../lib/gcc/avr/4.3.2/../../../../avr/lib/avr5\libc.a(ultoa_invert.o)
                0x00000946                __ultoa_invert
                0x00000a02                . = ALIGN (0x2)
 *(.text.*)
 .text.pcint_null_callback
                0x00000a02        0x2 ./pcint/PinChangeInterrupt.o
                0x00000a02                PinChangeInterruptEventPCINT16()
                0x00000a02                PinChangeInterruptEventPCINT28()
                0x00000a02                PinChangeInterruptEventPCINT27()
                0x00000a02                PinChangeInterruptEventPCINT31()
                0x00000a02                PinChangeInterruptEventPCINT14()
                0x00000a02                PinChangeInterruptEventPCINT26()
                0x00000a02                PinChangeInterruptEventPCINT10()
                0x00000a02                PinChangeInterruptEventPCINT11()
                0x00000a02                PinChangeInterruptEventPCINT22()
                0x00000a02                PinChangeInterruptEventPCINT19()
                0x00000a02                PinChangeInterruptEventPCINT23()
                0x00000a02                pcint_null_callback
                0x00000a02                PinChangeInterruptEventPCINT17()
                0x00000a02                PinChangeInterruptEventPCINT18()
                0x00000a02                PinChangeInterruptEventPCINT9()
                0x00000a02                PinChangeInterruptEventPCINT21()
                0x00000a02                PinChangeInterruptEventPCINT8()
                0x00000a02                PinChangeInterruptEventPCINT20()
                0x00000a02                PinChangeInterruptEventPCINT29()
                0x00000a02                PinChangeInterruptEventPCINT13()
                0x00000a02                PinChangeInterruptEventPCINT25()
                0x00000a02                PinChangeInterruptEventPCINT24()
                0x00000a02                PinChangeInterruptEventPCINT12()
                0x00000a02                PinChangeInterruptEventPCINT15()
                0x00000a02                PinChangeInterruptEventPCINT30()
 .text._Z30enablePinChangeInterruptHelperhhh
                0x00000a04       0x54 ./pcint/PinChangeInterrupt.o
                0x00000a04                enablePinChangeInterruptHelper(unsigned char, unsigned char, unsigned char)
 .text.__vector_4
                0x00000a58       0xac ./pcint/PinChangeInterrupt0.o
                0x00000a58                __vector_4
 .text.__vector_5
                0x00000b04       0x9c ./pcint/PinChangeInterrupt1.o
                0x00000b04                __vector_5
 .text.__vector_6
                0x00000ba0       0x9c ./pcint/PinChangeInterrupt2.o
                0x00000ba0                __vector_6
 .text.__vector_7
                0x00000c3c       0x9c ./pcint/PinChangeInterrupt3.o
                0x00000c3c                __vector_7
 .text._GLOBAL__I__ZN6GSMSSLC2Eb
                0x00000cd8       0x16 ./gsm/AGSMSSL.o
 .text._GLOBAL__I__ZN14GSMSSLProviderC2Ev
                0x00000cee       0x16 ./gsm/AGSMSSLProvicer.o
 .text._ZN18GSM3CircularBufferC1EP25GSM3CircularBufferManager
                0x00000d04        0xc ./gsm/GSM3CircularBuffer.o
                0x00000d04                GSM3CircularBuffer::GSM3CircularBuffer(GSM3CircularBufferManager*)
 .text._ZN18GSM3CircularBuffer4peekEi
                0x00000d10       0x24 ./gsm/GSM3CircularBuffer.o
                0x00000d10                GSM3CircularBuffer::peek(int)
 .text._ZN18GSM3CircularBuffer5flushEv
                0x00000d34        0x8 ./gsm/GSM3CircularBuffer.o
                0x00000d34                GSM3CircularBuffer::flush()
 .text._ZN18GSM3CircularBuffer6locateEPKchhPhS2_
                0x00000d3c       0x98 ./gsm/GSM3CircularBuffer.o
                0x00000d3c                GSM3CircularBuffer::locate(char const*, unsigned char, unsigned char, unsigned char*, unsigned char*)
 .text._ZN18GSM3CircularBuffer9chopUntilEPKcbb
                0x00000dd4       0x7e ./gsm/GSM3CircularBuffer.o
                0x00000dd4                GSM3CircularBuffer::chopUntil(char const*, bool, bool)
 .text._ZN18GSM3CircularBuffer6locateEPKc
                0x00000e52       0x22 ./gsm/GSM3CircularBuffer.o
                0x00000e52                GSM3CircularBuffer::locate(char const*)
 .text._ZN18GSM3CircularBuffer16extractSubstringEPKcS1_Pci
                0x00000e74       0xa6 ./gsm/GSM3CircularBuffer.o
                0x00000e74                GSM3CircularBuffer::extractSubstring(char const*, char const*, char*, int)
 .text._ZN18GSM3CircularBuffer7readIntEv
                0x00000f1a       0x70 ./gsm/GSM3CircularBuffer.o
                0x00000f1a                GSM3CircularBuffer::readInt()
 .text._ZN18GSM3CircularBuffer4readEv
                0x00000f8a       0x30 ./gsm/GSM3CircularBuffer.o
                0x00000f8a                GSM3CircularBuffer::read()
 .text._ZN18GSM3CircularBuffer5writeEc
                0x00000fba       0x52 ./gsm/GSM3CircularBuffer.o
                0x00000fba                GSM3CircularBuffer::write(char)
 .text._ZN18GSM3CircularBuffer14printCharDebugEh
                0x0000100c       0x34 ./gsm/GSM3CircularBuffer.o
                0x0000100c                GSM3CircularBuffer::printCharDebug(unsigned char)
 .text._ZN18GSM3CircularBuffer11debugBufferEv
                0x00001040       0x64 ./gsm/GSM3CircularBuffer.o
                0x00001040                GSM3CircularBuffer::debugBuffer()
 .text._GLOBAL__I_theGSM3MobileClientProvider
                0x000010a4       0x16 ./gsm/GSM3MobileClientProvider.o
 .text._ZN23GSM3MobileClientServiceC1Eb
                0x000010ba       0x30 ./gsm/GSM3MobileClientService.o
                0x000010ba                GSM3MobileClientService::GSM3MobileClientService(bool)
 .text._ZN23GSM3MobileClientService5readyEc
                0x000010ea       0x1a ./gsm/GSM3MobileClientService.o
                0x000010ea                GSM3MobileClientService::ready(char)
 .text._ZN23GSM3MobileClientService5writeEh
                0x00001104       0x2c ./gsm/GSM3MobileClientService.o
                0x00001104                GSM3MobileClientService::write(unsigned char)
 .text._ZN23GSM3MobileClientService5writeEPKhj
                0x00001130       0x5c ./gsm/GSM3MobileClientService.o
                0x00001130                GSM3MobileClientService::write(unsigned char const*, unsigned int)
 .text._ZN23GSM3MobileClientService8endWriteEb
                0x0000118c       0x24 ./gsm/GSM3MobileClientService.o
                0x0000118c                GSM3MobileClientService::endWrite(bool)
 .text._ZN23GSM3MobileClientService9connectedEv
                0x000011b0       0x28 ./gsm/GSM3MobileClientService.o
                0x000011b0                GSM3MobileClientService::connected()
 .text._ZN23GSM3MobileClientServicecvbEv
                0x000011d8       0x1e ./gsm/GSM3MobileClientService.o
                0x000011d8                GSM3MobileClientService::operator bool()
 .text._ZN23GSM3MobileClientService9availableEv
                0x000011f6       0x3e ./gsm/GSM3MobileClientService.o
                0x000011f6                GSM3MobileClientService::available()
 .text._ZN23GSM3MobileClientService4readEPhj
                0x00001234       0x50 ./gsm/GSM3MobileClientService.o
                0x00001234                GSM3MobileClientService::read(unsigned char*, unsigned int)
 .text._ZN23GSM3MobileClientService4readEv
                0x00001284       0x2a ./gsm/GSM3MobileClientService.o
                0x00001284                GSM3MobileClientService::read()
 .text._ZN23GSM3MobileClientService4peekEv
                0x000012ae       0x2a ./gsm/GSM3MobileClientService.o
                0x000012ae                GSM3MobileClientService::peek()
 .text._ZN23GSM3MobileClientService5flushEv
                0x000012d8       0x2a ./gsm/GSM3MobileClientService.o
                0x000012d8                GSM3MobileClientService::flush()
 .text._ZN23GSM3MobileClientService4stopEv
                0x00001302       0x60 ./gsm/GSM3MobileClientService.o
                0x00001302                GSM3MobileClientService::stop()
 .text._GLOBAL__I_theShieldV1ClientProvider
                0x00001362       0x1c ./gsm/GSM3MobileClientService.o
 .text._ZN23GSM3MobileClientService13waitForAnswerEc
                0x0000137e       0x52 ./gsm/GSM3MobileClientService.o
                0x0000137e                GSM3MobileClientService::waitForAnswer(char)
 .text._ZN23GSM3MobileClientService7connectE9IPAddressj
                0x000013d0       0xf0 ./gsm/GSM3MobileClientService.o
                0x000013d0                GSM3MobileClientService::connect(IPAddress, unsigned int)
 .text._ZN23GSM3MobileClientService7connectEPKcj
                0x000014c0       0xa2 ./gsm/GSM3MobileClientService.o
                0x000014c0                GSM3MobileClientService::connect(char const*, unsigned int)
 .text._GLOBAL__I_theProvider
                0x00001562       0x16 ./gsm/GSM3MobileNetworkProvider.o
 .text._GLOBAL__I__ZN25GSM3MobileNetworkRegistryC2Ev
                0x00001578       0x1e ./gsm/GSM3MobileNetworkRegistry.o
 .text._GLOBAL__I_theShieldV1SMSProvider
                0x00001596       0x1e ./gsm/GSM3SMSService.o
 .text._GLOBAL__I__ZN12GSM3ShieldV1C2Eb
                0x000015b4       0x16 ./gsm/GSM3ShieldV1.o
 .text._ZN24GSM3ShieldV1BaseProvider25recognizeUnsolicitedEventEh
                0x000015ca        0x4 ./gsm/GSM3ShieldV1AccessProvider.o
                0x000015ca                GSM3ShieldV1BaseProvider::recognizeUnsolicitedEvent(unsigned char)
 .text._ZN26GSM3ShieldV1AccessProviderC1Eb
                0x000015ce       0x16 ./gsm/GSM3ShieldV1AccessProvider.o
                0x000015ce                GSM3ShieldV1AccessProvider::GSM3ShieldV1AccessProvider(bool)
 .text._ZN26GSM3ShieldV1AccessProvider5readyEc
                0x000015e4        0x4 ./gsm/GSM3ShieldV1AccessProvider.o
                0x000015e4                GSM3ShieldV1AccessProvider::ready(char)
 .text._ZN26GSM3ShieldV1AccessProvider4initEv
                0x000015e8       0x18 ./gsm/GSM3ShieldV1AccessProvider.o
                0x000015e8                GSM3ShieldV1AccessProvider::init()
 .text._ZN26GSM3ShieldV1AccessProvider14secureShutdownEv
                0x00001600       0x36 ./gsm/GSM3ShieldV1AccessProvider.o
                0x00001600                GSM3ShieldV1AccessProvider::secureShutdown()
 .text._ZN26GSM3ShieldV1AccessProvider8shutdownEv
                0x00001636       0xd6 ./gsm/GSM3ShieldV1AccessProvider.o
                0x00001636                GSM3ShieldV1AccessProvider::shutdown()
 .text._ZN26GSM3ShieldV1AccessProvider20isModemAliveContinueEv
                0x0000170c       0x6c ./gsm/GSM3ShieldV1AccessProvider.o
                0x0000170c                GSM3ShieldV1AccessProvider::isModemAliveContinue()
 .text._ZN26GSM3ShieldV1AccessProvider13isAccessAliveEv
                0x00001778       0x6c ./gsm/GSM3ShieldV1AccessProvider.o
                0x00001778                GSM3ShieldV1AccessProvider::isAccessAlive()
 .text._ZN26GSM3ShieldV1AccessProvider18ModemConfigurationEPc
                0x000017e4       0x66 ./gsm/GSM3ShieldV1AccessProvider.o
                0x000017e4                GSM3ShieldV1AccessProvider::ModemConfiguration(char*)
 .text._ZN26GSM3ShieldV1AccessProvider26ModemConfigurationContinueEv
                0x0000184a      0x1b8 ./gsm/GSM3ShieldV1AccessProvider.o
                0x0000184a                GSM3ShieldV1AccessProvider::ModemConfigurationContinue()
 .text._ZThn2_N26GSM3ShieldV1AccessProvider14manageResponseEhh
                0x00001a02        0x4 ./gsm/GSM3ShieldV1AccessProvider.o
                0x00001a02                non-virtual thunk to GSM3ShieldV1AccessProvider::manageResponse(unsigned char, unsigned char)
 .text._ZN26GSM3ShieldV1AccessProvider14manageResponseEhh
                0x00001a06       0x14 ./gsm/GSM3ShieldV1AccessProvider.o
                0x00001a06                GSM3ShieldV1AccessProvider::manageResponse(unsigned char, unsigned char)
 .text._ZN26GSM3ShieldV1AccessProvider13getModemStateEv
                0x00001a1a       0x16 ./gsm/GSM3ShieldV1AccessProvider.o
                0x00001a1a                GSM3ShieldV1AccessProvider::getModemState()
 .text._ZN26GSM3ShieldV1AccessProvider5HWoffEv
                0x00001a30       0xa2 ./gsm/GSM3ShieldV1AccessProvider.o
                0x00001a30                GSM3ShieldV1AccessProvider::HWoff()
 .text._ZN26GSM3ShieldV1AccessProvider7HWstartEv
                0x00001ad2      0x100 ./gsm/GSM3ShieldV1AccessProvider.o
                0x00001ad2                GSM3ShieldV1AccessProvider::HWstart()
 .text._ZN26GSM3ShieldV1AccessProvider5beginEPcbb
                0x00001bd2       0x68 ./gsm/GSM3ShieldV1AccessProvider.o
                0x00001bd2                GSM3ShieldV1AccessProvider::begin(char*, bool, bool)
 .text._ZN24GSM3ShieldV1BaseProvider16prepareAuxLocateEPKcPc
                0x00001c3a       0x1c ./gsm/GSM3ShieldV1BaseProvider.o
                0x00001c3a                GSM3ShieldV1BaseProvider::prepareAuxLocate(char const*, char*)
 .text._ZN24GSM3ShieldV1BaseProvider5readyEc
                0x00001c56        0xe ./gsm/GSM3ShieldV1BaseProvider.o
                0x00001c56                GSM3ShieldV1BaseProvider::ready(char)
 .text._ZN26GSM3ShieldV1ClientProvider9minSocketEv
                0x00001c64        0x6 ./gsm/GSM3ShieldV1ClientProvider.o
                0x00001c64                GSM3ShieldV1ClientProvider::minSocket()
 .text._ZN26GSM3ShieldV1ClientProvider9maxSocketEv
                0x00001c6a        0x6 ./gsm/GSM3ShieldV1ClientProvider.o
                0x00001c6a                GSM3ShieldV1ClientProvider::maxSocket()
 .text._ZN26GSM3ShieldV1ClientProvider16connectTCPClientE9IPAddressii
                0x00001c70       0x3c ./gsm/GSM3ShieldV1ClientProvider.o
                0x00001c70                GSM3ShieldV1ClientProvider::connectTCPClient(IPAddress, int, int)
 .text._ZN26GSM3ShieldV1ClientProvider16beginWriteSocketEbi
                0x00001cac        0x2 ./gsm/GSM3ShieldV1ClientProvider.o
                0x00001cac                GSM3ShieldV1ClientProvider::beginWriteSocket(bool, int)
 .text._ZN26GSM3ShieldV1ClientProvider14endWriteSocketEv
                0x00001cae        0x2 ./gsm/GSM3ShieldV1ClientProvider.o
                0x00001cae                GSM3ShieldV1ClientProvider::endWriteSocket()
 .text._ZN26GSM3ShieldV1ClientProvider15availableSocketEbi
                0x00001cb0        0xe ./gsm/GSM3ShieldV1ClientProvider.o
                0x00001cb0                GSM3ShieldV1ClientProvider::availableSocket(bool, int)
 .text._ZN26GSM3ShieldV1ClientProvider9getSocketEi
                0x00001cbe        0x6 ./gsm/GSM3ShieldV1ClientProvider.o
                0x00001cbe                GSM3ShieldV1ClientProvider::getSocket(int)
 .text._ZN26GSM3ShieldV1ClientProvider13releaseSocketEi
                0x00001cc4        0x2 ./gsm/GSM3ShieldV1ClientProvider.o
                0x00001cc4                GSM3ShieldV1ClientProvider::releaseSocket(int)
 .text._ZN26GSM3ShieldV1ClientProvider21getStatusSocketClientEh
                0x00001cc6       0x10 ./gsm/GSM3ShieldV1ClientProvider.o
                0x00001cc6                GSM3ShieldV1ClientProvider::getStatusSocketClient(unsigned char)
 .text._ZN26GSM3ShieldV1ClientProvider5readyEc
                0x00001cd6        0x4 ./gsm/GSM3ShieldV1ClientProvider.o
                0x00001cd6                GSM3ShieldV1ClientProvider::ready(char)
 .text._GLOBAL__I__ZN26GSM3ShieldV1ClientProviderC2Ev
                0x00001cda       0x16 ./gsm/GSM3ShieldV1ClientProvider.o
 .text._ZThn3_N26GSM3ShieldV1ClientProvider25recognizeUnsolicitedEventEh
                0x00001cf0        0x4 ./gsm/GSM3ShieldV1ClientProvider.o
                0x00001cf0                non-virtual thunk to GSM3ShieldV1ClientProvider::recognizeUnsolicitedEvent(unsigned char)
 .text._ZN26GSM3ShieldV1ClientProvider25recognizeUnsolicitedEventEh
                0x00001cf4       0x8c ./gsm/GSM3ShieldV1ClientProvider.o
                0x00001cf4                GSM3ShieldV1ClientProvider::recognizeUnsolicitedEvent(unsigned char)
 .text._ZN26GSM3ShieldV1ClientProvider19flushSocketContinueEv
                0x00001d80       0x1e ./gsm/GSM3ShieldV1ClientProvider.o
                0x00001d80                GSM3ShieldV1ClientProvider::flushSocketContinue()
 .text._ZN26GSM3ShieldV1ClientProvider11flushSocketEv
                0x00001d9e       0x18 ./gsm/GSM3ShieldV1ClientProvider.o
                0x00001d9e                GSM3ShieldV1ClientProvider::flushSocket()
 .text._ZN26GSM3ShieldV1ClientProvider10peekSocketEv
                0x00001db6       0x10 ./gsm/GSM3ShieldV1ClientProvider.o
                0x00001db6                GSM3ShieldV1ClientProvider::peekSocket()
 .text._ZN26GSM3ShieldV1ClientProvider10readSocketEv
                0x00001dc6       0x20 ./gsm/GSM3ShieldV1ClientProvider.o
                0x00001dc6                GSM3ShieldV1ClientProvider::readSocket()
 .text._ZN26GSM3ShieldV1ClientProvider11writeSocketEh
                0x00001de6       0x12 ./gsm/GSM3ShieldV1ClientProvider.o
                0x00001de6                GSM3ShieldV1ClientProvider::writeSocket(unsigned char)
 .text._ZN26GSM3ShieldV1ClientProvider11writeSocketEPKc
                0x00001df8       0x12 ./gsm/GSM3ShieldV1ClientProvider.o
                0x00001df8                GSM3ShieldV1ClientProvider::writeSocket(char const*)
 .text._ZN26GSM3ShieldV1ClientProvider21disconnectTcpContinueEv
                0x00001e0a       0x98 ./gsm/GSM3ShieldV1ClientProvider.o
                0x00001e0a                GSM3ShieldV1ClientProvider::disconnectTcpContinue()
 .text._ZN26GSM3ShieldV1ClientProvider13disconnectTCPEbi
                0x00001ea2      0x100 ./gsm/GSM3ShieldV1ClientProvider.o
                0x00001ea2                GSM3ShieldV1ClientProvider::disconnectTCP(bool, int)
 .text._ZN26GSM3ShieldV1ClientProvider24connectTCPClientContinueEv
                0x00001fa2      0x308 ./gsm/GSM3ShieldV1ClientProvider.o
                0x00001fa2                GSM3ShieldV1ClientProvider::connectTCPClientContinue()
 .text._ZThn3_N26GSM3ShieldV1ClientProvider14manageResponseEhh
                0x000022aa        0x4 ./gsm/GSM3ShieldV1ClientProvider.o
                0x000022aa                non-virtual thunk to GSM3ShieldV1ClientProvider::manageResponse(unsigned char, unsigned char)
 .text._ZN26GSM3ShieldV1ClientProvider14manageResponseEhh
                0x000022ae       0x2a ./gsm/GSM3ShieldV1ClientProvider.o
                0x000022ae                GSM3ShieldV1ClientProvider::manageResponse(unsigned char, unsigned char)
 .text._ZN26GSM3ShieldV1ClientProvider16connectTCPClientEPKcii
                0x000022d8       0x96 ./gsm/GSM3ShieldV1ClientProvider.o
                0x000022d8                GSM3ShieldV1ClientProvider::connectTCPClient(char const*, int, int)
 .text._ZN26GSM3ShieldV1ClientProviderC1Ev
                0x0000236e       0x34 ./gsm/GSM3ShieldV1ClientProvider.o
                0x0000236e                GSM3ShieldV1ClientProvider::GSM3ShieldV1ClientProvider()
 .text._GLOBAL__I__ZN31GSM3ShieldV1DataNetworkProvider10attachGPRSEPcS0_S0_b
                0x000023a2       0x16 ./gsm/GSM3ShieldV1DataNetworkProvider.o
 .text._ZN31GSM3ShieldV1DataNetworkProvider16parseQILOCIP_rspEPciRb
                0x000023b8       0x36 ./gsm/GSM3ShieldV1DataNetworkProvider.o
                0x000023b8                GSM3ShieldV1DataNetworkProvider::parseQILOCIP_rsp(char*, int, bool&)
 .text._ZN31GSM3ShieldV1DataNetworkProvider13getIPContinueEv
                0x000023ee       0x72 ./gsm/GSM3ShieldV1DataNetworkProvider.o
                0x000023ee                GSM3ShieldV1DataNetworkProvider::getIPContinue()
 .text._ZN31GSM3ShieldV1DataNetworkProvider18detachGPRSContinueEv
                0x00002460       0xe0 ./gsm/GSM3ShieldV1DataNetworkProvider.o
                0x00002460                GSM3ShieldV1DataNetworkProvider::detachGPRSContinue()
 .text._ZN31GSM3ShieldV1DataNetworkProvider10detachGPRSEb
                0x00002540       0x52 ./gsm/GSM3ShieldV1DataNetworkProvider.o
                0x00002540                GSM3ShieldV1DataNetworkProvider::detachGPRS(bool)
 .text._ZN31GSM3ShieldV1DataNetworkProvider13networkDetachEv
                0x00002592        0x4 ./gsm/GSM3ShieldV1DataNetworkProvider.o
                0x00002592                GSM3ShieldV1DataNetworkProvider::networkDetach()
 .text._ZN31GSM3ShieldV1DataNetworkProvider18attachGPRSContinueEv
                0x00002596       0xf4 ./gsm/GSM3ShieldV1DataNetworkProvider.o
                0x00002596                GSM3ShieldV1DataNetworkProvider::attachGPRSContinue()
 .text._ZThn2_N31GSM3ShieldV1DataNetworkProvider14manageResponseEhh
                0x0000268a        0x4 ./gsm/GSM3ShieldV1DataNetworkProvider.o
                0x0000268a                non-virtual thunk to GSM3ShieldV1DataNetworkProvider::manageResponse(unsigned char, unsigned char)
 .text._ZN31GSM3ShieldV1DataNetworkProvider14manageResponseEhh
                0x0000268e       0x18 ./gsm/GSM3ShieldV1DataNetworkProvider.o
                0x0000268e                GSM3ShieldV1DataNetworkProvider::manageResponse(unsigned char, unsigned char)
 .text._ZN31GSM3ShieldV1DataNetworkProvider10attachGPRSEPcS0_S0_b
                0x000026a6       0xa4 ./gsm/GSM3ShieldV1DataNetworkProvider.o
                0x000026a6                GSM3ShieldV1DataNetworkProvider::attachGPRS(char*, char*, char*, bool)
 .text._ZN31GSM3ShieldV1DataNetworkProvider13networkAttachEPcS0_S0_
                0x0000274a        0xa ./gsm/GSM3ShieldV1DataNetworkProvider.o
                0x0000274a                GSM3ShieldV1DataNetworkProvider::networkAttach(char*, char*, char*)
 .text._ZN31GSM3ShieldV1DirectModemProvider14manageResponseEhh
                0x00002754        0x2 ./gsm/GSM3ShieldV1DirectModemProvider.o
                0x00002754                GSM3ShieldV1DirectModemProvider::manageResponse(unsigned char, unsigned char)
 .text._ZN31GSM3ShieldV1DirectModemProvider25recognizeUnsolicitedEventEh
                0x00002756        0x4 ./gsm/GSM3ShieldV1DirectModemProvider.o
                0x00002756                GSM3ShieldV1DirectModemProvider::recognizeUnsolicitedEvent(unsigned char)
 .text._ZN31GSM3ShieldV1DirectModemProviderC1Eb
                0x0000275a       0x28 ./gsm/GSM3ShieldV1DirectModemProvider.o
                0x0000275a                GSM3ShieldV1DirectModemProvider::GSM3ShieldV1DirectModemProvider(bool)
 .text._GLOBAL__I__ZN31GSM3ShieldV1DirectModemProviderC2Eb
                0x00002782       0x16 ./gsm/GSM3ShieldV1DirectModemProvider.o
 .text._ZThn2_N31GSM3ShieldV1DirectModemProvider5flushEv
                0x00002798        0x4 ./gsm/GSM3ShieldV1DirectModemProvider.o
                0x00002798                non-virtual thunk to GSM3ShieldV1DirectModemProvider::flush()
 .text._ZN31GSM3ShieldV1DirectModemProvider5flushEv
                0x0000279c        0x8 ./gsm/GSM3ShieldV1DirectModemProvider.o
                0x0000279c                GSM3ShieldV1DirectModemProvider::flush()
 .text._ZThn2_N31GSM3ShieldV1DirectModemProvider4peekEv
                0x000027a4        0x4 ./gsm/GSM3ShieldV1DirectModemProvider.o
                0x000027a4                non-virtual thunk to GSM3ShieldV1DirectModemProvider::peek()
 .text._ZN31GSM3ShieldV1DirectModemProvider4peekEv
                0x000027a8       0x10 ./gsm/GSM3ShieldV1DirectModemProvider.o
                0x000027a8                GSM3ShieldV1DirectModemProvider::peek()
 .text._ZThn2_N31GSM3ShieldV1DirectModemProvider9availableEv
                0x000027b8        0x4 ./gsm/GSM3ShieldV1DirectModemProvider.o
                0x000027b8                non-virtual thunk to GSM3ShieldV1DirectModemProvider::available()
 .text._ZN31GSM3ShieldV1DirectModemProvider9availableEv
                0x000027bc       0x1c ./gsm/GSM3ShieldV1DirectModemProvider.o
                0x000027bc                GSM3ShieldV1DirectModemProvider::available()
 .text._ZThn2_N31GSM3ShieldV1DirectModemProvider4readEv
                0x000027d8        0x4 ./gsm/GSM3ShieldV1DirectModemProvider.o
                0x000027d8                non-virtual thunk to GSM3ShieldV1DirectModemProvider::read()
 .text._ZN31GSM3ShieldV1DirectModemProvider4readEv
                0x000027dc       0x28 ./gsm/GSM3ShieldV1DirectModemProvider.o
                0x000027dc                GSM3ShieldV1DirectModemProvider::read()
 .text._ZThn2_N31GSM3ShieldV1DirectModemProvider5writeEh
                0x00002804        0x4 ./gsm/GSM3ShieldV1DirectModemProvider.o
                0x00002804                non-virtual thunk to GSM3ShieldV1DirectModemProvider::write(unsigned char)
 .text._ZN31GSM3ShieldV1DirectModemProvider5writeEh
                0x00002808        0x6 ./gsm/GSM3ShieldV1DirectModemProvider.o
                0x00002808                GSM3ShieldV1DirectModemProvider::write(unsigned char)
 .text._ZN21GSM3ShieldV1ModemCore18registerUMProviderEP24GSM3ShieldV1BaseProvider
                0x0000280e       0x44 ./gsm/GSM3ShieldV1ModemCore.o
                0x0000280e                GSM3ShieldV1ModemCore::registerUMProvider(GSM3ShieldV1BaseProvider*)
 .text._ZN21GSM3ShieldV1ModemCore20unRegisterUMProviderEP24GSM3ShieldV1BaseProvider
                0x00002852       0x4a ./gsm/GSM3ShieldV1ModemCore.o
                0x00002852                GSM3ShieldV1ModemCore::unRegisterUMProvider(GSM3ShieldV1BaseProvider*)
 .text._ZN21GSM3ShieldV1ModemCore12manageMsgNowEhh
                0x0000289c       0x82 ./gsm/GSM3ShieldV1ModemCore.o
                0x0000289c                GSM3ShieldV1ModemCore::manageMsgNow(unsigned char, unsigned char)
 .text._ZN21GSM3ShieldV1ModemCore11openCommandEP24GSM3ShieldV1BaseProvider18GSM3_commandType_e
                0x0000291e       0x14 ./gsm/GSM3ShieldV1ModemCore.o
                0x0000291e                GSM3ShieldV1ModemCore::openCommand(GSM3ShieldV1BaseProvider*, GSM3_commandType_e)
 .text._ZN21GSM3ShieldV1ModemCore20delayInsideInterruptEm
                0x00002932       0x48 ./gsm/GSM3ShieldV1ModemCore.o
                0x00002932                GSM3ShieldV1ModemCore::delayInsideInterrupt(unsigned long)
 .text._ZN21GSM3ShieldV1ModemCore16takeMillisecondsEv
                0x0000297a       0x46 ./gsm/GSM3ShieldV1ModemCore.o
                0x0000297a                GSM3ShieldV1ModemCore::takeMilliseconds()
 .text._ZThn2_N21GSM3ShieldV1ModemCore5writeEh
                0x000029c0        0x4 ./gsm/GSM3ShieldV1ModemCore.o
                0x000029c0                non-virtual thunk to GSM3ShieldV1ModemCore::write(unsigned char)
 .text._ZN21GSM3ShieldV1ModemCore5writeEh
                0x000029c4        0x4 ./gsm/GSM3ShieldV1ModemCore.o
                0x000029c4                GSM3ShieldV1ModemCore::write(unsigned char)
 .text._ZN21GSM3ShieldV1ModemCore8writePGMEPKcb
                0x000029c8       0x54 ./gsm/GSM3ShieldV1ModemCore.o
                0x000029c8                GSM3ShieldV1ModemCore::writePGM(char const*, bool)
 .text._ZN21GSM3ShieldV1ModemCore18manageReceivedDataEc
                0x00002a1c       0x54 ./gsm/GSM3ShieldV1ModemCore.o
                0x00002a1c                GSM3ShieldV1ModemCore::manageReceivedData(char)
 .text._ZN21GSM3ShieldV1ModemCore9manageMsgEhh
                0x00002a70       0x26 ./gsm/GSM3ShieldV1ModemCore.o
                0x00002a70                GSM3ShieldV1ModemCore::manageMsg(unsigned char, unsigned char)
 .text._ZN21GSM3ShieldV1ModemCore18genericCommand_rqcEPKcb
                0x00002a96       0x3c ./gsm/GSM3ShieldV1ModemCore.o
                0x00002a96                GSM3ShieldV1ModemCore::genericCommand_rqc(char const*, bool)
 .text._ZN21GSM3ShieldV1ModemCore17genericCommand_rqEPKcb
                0x00002ad2       0x36 ./gsm/GSM3ShieldV1ModemCore.o
                0x00002ad2                GSM3ShieldV1ModemCore::genericCommand_rq(char const*, bool)
 .text._ZN21GSM3ShieldV1ModemCore12closeCommandEi
                0x00002b08       0x72 ./gsm/GSM3ShieldV1ModemCore.o
                0x00002b08                GSM3ShieldV1ModemCore::closeCommand(int)
 .text._ZN21GSM3ShieldV1ModemCore16genericParse_rspERbPcS1_
                0x00002b7a       0x5a ./gsm/GSM3ShieldV1ModemCore.o
                0x00002b7a                GSM3ShieldV1ModemCore::genericParse_rsp(bool&, char*, char*)
 .text._ZN21GSM3ShieldV1ModemCoreC1Ev
                0x00002bd4       0x4c ./gsm/GSM3ShieldV1ModemCore.o
                0x00002bd4                GSM3ShieldV1ModemCore::GSM3ShieldV1ModemCore()
 .text._GLOBAL__I_theGSM3ShieldV1ModemCore
                0x00002c20        0x6 ./gsm/GSM3ShieldV1ModemCore.o
 .text._GLOBAL__I__ZN31GSM3ShieldV1MultiClientProviderC2Ev
                0x00002c26       0x16 ./gsm/GSM3ShieldV1MultiClientProvider.o
 .text._ZN23GSM3ShieldV1SMSProviderC1Ev
                0x00002c3c       0x1a ./gsm/GSM3ShieldV1SMSProvider.o
                0x00002c3c                GSM3ShieldV1SMSProvider::GSM3ShieldV1SMSProvider()
 .text._ZN23GSM3ShieldV1SMSProvider5readyEc
                0x00002c56        0x6 ./gsm/GSM3ShieldV1SMSProvider.o
                0x00002c56                GSM3ShieldV1SMSProvider::ready(char)
 .text._ZN23GSM3ShieldV1SMSProvider8writeSMSEc
                0x00002c5c        0x6 ./gsm/GSM3ShieldV1SMSProvider.o
                0x00002c5c                GSM3ShieldV1SMSProvider::writeSMS(char)
 .text._ZN23GSM3ShieldV1SMSProvider16flushSMSContinueEv
                0x00002c62       0x8e ./gsm/GSM3ShieldV1SMSProvider.o
                0x00002c62                GSM3ShieldV1SMSProvider::flushSMSContinue()
 .text._ZN23GSM3ShieldV1SMSProvider14endSMSContinueEv
                0x00002cf0       0x6e ./gsm/GSM3ShieldV1SMSProvider.o
                0x00002cf0                GSM3ShieldV1SMSProvider::endSMSContinue()
 .text._ZN23GSM3ShieldV1SMSProvider6endSMSEv
                0x00002d5e       0x54 ./gsm/GSM3ShieldV1SMSProvider.o
                0x00002d5e                GSM3ShieldV1SMSProvider::endSMS()
 .text._ZN23GSM3ShieldV1SMSProvider16beginSMSContinueEv
                0x00002db2       0x82 ./gsm/GSM3ShieldV1SMSProvider.o
                0x00002db2                GSM3ShieldV1SMSProvider::beginSMSContinue()
 .text._ZN23GSM3ShieldV1SMSProvider8beginSMSEPKc
                0x00002e34       0x42 ./gsm/GSM3ShieldV1SMSProvider.o
                0x00002e34                GSM3ShieldV1SMSProvider::beginSMS(char const*)
 .text._ZN23GSM3ShieldV1SMSProvider8flushSMSEv
                0x00002e76       0x46 ./gsm/GSM3ShieldV1SMSProvider.o
                0x00002e76                GSM3ShieldV1SMSProvider::flushSMS()
 .text._ZN23GSM3ShieldV1SMSProvider7peekSMSEv
                0x00002ebc       0x2c ./gsm/GSM3ShieldV1SMSProvider.o
                0x00002ebc                GSM3ShieldV1SMSProvider::peekSMS()
 .text._ZN23GSM3ShieldV1SMSProvider7readSMSEv
                0x00002ee8       0xc2 ./gsm/GSM3ShieldV1SMSProvider.o
                0x00002ee8                GSM3ShieldV1SMSProvider::readSMS()
 .text._ZN23GSM3ShieldV1SMSProvider15remoteSMSNumberEPci
                0x00002faa       0x22 ./gsm/GSM3ShieldV1SMSProvider.o
                0x00002faa                GSM3ShieldV1SMSProvider::remoteSMSNumber(char*, int)
 .text._ZN23GSM3ShieldV1SMSProvider19parseCMGL_availableERb
                0x00002fcc       0x6a ./gsm/GSM3ShieldV1SMSProvider.o
                0x00002fcc                GSM3ShieldV1SMSProvider::parseCMGL_available(bool&)
 .text._ZN23GSM3ShieldV1SMSProvider20availableSMSContinueEv
                0x00003036       0x5a ./gsm/GSM3ShieldV1SMSProvider.o
                0x00003036                GSM3ShieldV1SMSProvider::availableSMSContinue()
 .text._ZThn2_N23GSM3ShieldV1SMSProvider14manageResponseEhh
                0x00003090        0x4 ./gsm/GSM3ShieldV1SMSProvider.o
                0x00003090                non-virtual thunk to GSM3ShieldV1SMSProvider::manageResponse(unsigned char, unsigned char)
 .text._ZN23GSM3ShieldV1SMSProvider14manageResponseEhh
                0x00003094       0x30 ./gsm/GSM3ShieldV1SMSProvider.o
                0x00003094                GSM3ShieldV1SMSProvider::manageResponse(unsigned char, unsigned char)
 .text._ZN23GSM3ShieldV1SMSProvider12availableSMSEv
                0x000030c4       0x28 ./gsm/GSM3ShieldV1SMSProvider.o
                0x000030c4                GSM3ShieldV1SMSProvider::availableSMS()
 .text._ZN14GSM3SoftSerial10tunedDelayEj
                0x000030ec        0xe ./gsm/GSM3SoftSerial.o
                0x000030ec                GSM3SoftSerial::tunedDelay(unsigned int)
 .text._ZN14GSM3SoftSerial14spaceAvailableEv
                0x000030fa        0x2 ./gsm/GSM3SoftSerial.o
                0x000030fa                GSM3SoftSerial::spaceAvailable()
 .text._ZN14GSM3SoftSerial14setTransparentEb
                0x000030fc       0x36 ./gsm/GSM3SoftSerial.o
                0x000030fc                GSM3SoftSerial::setTransparent(bool)
 .text._ZN14GSM3SoftSerial7printTXEh
                0x00003132       0x2c ./gsm/GSM3SoftSerial.o
                0x00003132                GSM3SoftSerial::printTX(unsigned char)
 .text._ZN14GSM3SoftSerial10finalWriteEh
                0x0000315e       0x12 ./gsm/GSM3SoftSerial.o
                0x0000315e                GSM3SoftSerial::finalWrite(unsigned char)
 .text._ZN14GSM3SoftSerial5writeEh
                0x00003170       0x12 ./gsm/GSM3SoftSerial.o
                0x00003170                GSM3SoftSerial::write(unsigned char)
 .text._ZN14GSM3SoftSerial5closeEv
                0x00003182       0x20 ./gsm/GSM3SoftSerial.o
                0x00003182                GSM3SoftSerial::close()
 .text._ZN14GSM3SoftSerial5beginEl
                0x000031a2       0x4e ./gsm/GSM3SoftSerial.o
                0x000031a2                GSM3SoftSerial::begin(long)
 .text._ZN14GSM3SoftSerial8handleRxEh
                0x000031f0       0x9a ./gsm/GSM3SoftSerial.o
                0x000031f0                GSM3SoftSerial::handleRx(unsigned char)
 .text._ZN14GSM3SoftSerialC1Ev
                0x0000328a       0x2a ./gsm/GSM3SoftSerial.o
                0x0000328a                GSM3SoftSerial::GSM3SoftSerial()
 .text._ZN11NeoHWSerial17_tx_udr_empty_irqEv
                0x000032b4       0x60 ./NeoHWSerial/NeoHWSerial.o
                0x000032b4                NeoHWSerial::_tx_udr_empty_irq()
 .text._ZN11NeoHWSerial5beginEmh
                0x00003314       0xb8 ./NeoHWSerial/NeoHWSerial.o
                0x00003314                NeoHWSerial::begin(unsigned long, unsigned char)
 .text._ZN11NeoHWSerial3endEv
                0x000033cc       0x56 ./NeoHWSerial/NeoHWSerial.o
                0x000033cc                NeoHWSerial::end()
 .text._ZN11NeoHWSerial9availableEv
                0x00003422       0x18 ./NeoHWSerial/NeoHWSerial.o
                0x00003422                NeoHWSerial::available()
 .text._ZN11NeoHWSerial4peekEv
                0x0000343a       0x20 ./NeoHWSerial/NeoHWSerial.o
                0x0000343a                NeoHWSerial::peek()
 .text._ZN11NeoHWSerial4readEv
                0x0000345a       0x3c ./NeoHWSerial/NeoHWSerial.o
                0x0000345a                NeoHWSerial::read()
 .text._ZN11NeoHWSerial5flushEv
                0x00003496       0x44 ./NeoHWSerial/NeoHWSerial.o
                0x00003496                NeoHWSerial::flush()
 .text._ZN11NeoHWSerial5writeEh
                0x000034da       0x7c ./NeoHWSerial/NeoHWSerial.o
                0x000034da                NeoHWSerial::write(unsigned char)
 .text._ZN11NeoHWSerial15attachInterruptEPFvhE
                0x00003556       0x12 ./NeoHWSerial/NeoHWSerial.o
                0x00003556                NeoHWSerial::attachInterrupt(void (*)(unsigned char))
 .text.__vector_20
                0x00003568       0x9a ./NeoHWSerial/NeoHWSerial0.o
                0x00003568                __vector_20
 .text._GLOBAL__I___vector_20
                0x00003602       0x8e ./NeoHWSerial/NeoHWSerial0.o
 .text.__vector_21
                0x00003690       0x4a ./NeoHWSerial/NeoHWSerial0.o
                0x00003690                __vector_21
 .text.__vector_28
                0x000036da       0x9a ./NeoHWSerial/NeoHWSerial1.o
                0x000036da                __vector_28
 .text._GLOBAL__I___vector_28
                0x00003774       0x8e ./NeoHWSerial/NeoHWSerial1.o
 .text.__vector_29
                0x00003802       0x4a ./NeoHWSerial/NeoHWSerial1.o
                0x00003802                __vector_29
 .text.avr-libc
                0x0000384c      0x26a ./Arduino/avr-libc/malloc.o
                0x0000384c                malloc
                0x00003986                free
 .text.avr-libc
                0x00003ab6      0x1ba ./Arduino/avr-libc/realloc.o
                0x00003ab6                realloc
 .text._ZN9IPAddressC1Ehhhh
                0x00003c70       0x18 ./Arduino/IPAddress.o
                0x00003c70                IPAddress::IPAddress(unsigned char, unsigned char, unsigned char, unsigned char)
 .text._GLOBAL__I__ZN9IPAddressC2Ev
                0x00003c88       0x1e ./Arduino/IPAddress.o
 .text._ZNK9IPAddress7printToER5Print
                0x00003ca6       0x7e ./Arduino/IPAddress.o
                0x00003ca6                IPAddress::printTo(Print&) const
 .text._ZN9IPAddressC1Ev
                0x00003d24       0x14 ./Arduino/IPAddress.o
                0x00003d24                IPAddress::IPAddress()
 .text._ZN5Print5writeEPKhj
                0x00003d38       0x54 ./Arduino/Print.o
                0x00003d38                Print::write(unsigned char const*, unsigned int)
 .text._ZN5Print5printEc
                0x00003d8c       0x10 ./Arduino/Print.o
                0x00003d8c                Print::print(char)
 .text._ZN5Print7printlnEv
                0x00003d9c       0x40 ./Arduino/Print.o
                0x00003d9c                Print::println()
 .text._ZN5Print7printlnEc
                0x00003ddc       0x2e ./Arduino/Print.o
                0x00003ddc                Print::println(char)
 .text._ZN5Print5writeEPKc
                0x00003e0a       0x38 ./Arduino/Print.o
                0x00003e0a                Print::write(char const*)
 .text._ZN5Print11printNumberEmh
                0x00003e42       0xc6 ./Arduino/Print.o
                0x00003e42                Print::printNumber(unsigned long, unsigned char)
 .text._ZN5Print5printEmi
                0x00003f08       0x1a ./Arduino/Print.o
                0x00003f08                Print::print(unsigned long, int)
 .text._ZN5Print7printlnEmi
                0x00003f22       0x24 ./Arduino/Print.o
                0x00003f22                Print::println(unsigned long, int)
 .text._ZN5Print5printEji
                0x00003f46       0x20 ./Arduino/Print.o
                0x00003f46                Print::print(unsigned int, int)
 .text._ZN5Print5printEhi
                0x00003f66       0x22 ./Arduino/Print.o
                0x00003f66                Print::print(unsigned char, int)
 .text._ZN5Print7printlnEhi
                0x00003f88       0x38 ./Arduino/Print.o
                0x00003f88                Print::println(unsigned char, int)
 .text._ZN5Print5printEli
                0x00003fc0       0x7c ./Arduino/Print.o
                0x00003fc0                Print::print(long, int)
 .text._ZN5Print5printEii
                0x0000403c       0x24 ./Arduino/Print.o
                0x0000403c                Print::print(int, int)
 .text._ZN5Print7printlnEii
                0x00004060       0x3a ./Arduino/Print.o
                0x00004060                Print::println(int, int)
 .text._ZN5Print5printEPKc
                0x0000409a        0x4 ./Arduino/Print.o
                0x0000409a                Print::print(char const*)
 .text._ZN5Print7printlnEPKc
                0x0000409e       0x22 ./Arduino/Print.o
                0x0000409e                Print::println(char const*)
 .text._Z12disableTimerh
                0x000040c0       0x42 ./Arduino/Tone.o
                0x000040c0                disableTimer(unsigned char)
 .text._Z6noToneh
                0x00004102       0x2a ./Arduino/Tone.o
                0x00004102                noTone(unsigned char)
 .text.__vector_9
                0x0000412c       0xb6 ./Arduino/Tone.o
                0x0000412c                __vector_9
 .text.__vector_1
                0x000041e2       0x5a ./Arduino/WInterrupts.o
                0x000041e2                __vector_1
 .text.__vector_2
                0x0000423c       0x5a ./Arduino/WInterrupts.o
                0x0000423c                __vector_2
 .text.__vector_3
                0x00004296       0x5a ./Arduino/WInterrupts.o
                0x00004296                __vector_3
 .text._ZN6String12changeBufferEj
                0x000042f0       0x32 ./Arduino/WString.o
                0x000042f0                String::changeBuffer(unsigned int)
 .text._ZN6String7reserveEj
                0x00004322       0x36 ./Arduino/WString.o
                0x00004322                String::reserve(unsigned int)
 .text._ZN6String10invalidateEv
                0x00004358       0x22 ./Arduino/WString.o
                0x00004358                String::invalidate()
 .text._ZN6String4copyEPKcj
                0x0000437a       0x3e ./Arduino/WString.o
                0x0000437a                String::copy(char const*, unsigned int)
 .text._ZN6StringC1EPKc
                0x000043b8       0x30 ./Arduino/WString.o
                0x000043b8                String::String(char const*)
 .text._ZN6StringD1Ev
                0x000043e8        0x8 ./Arduino/WString.o
                0x000043e8                String::~String()
 .text.__empty  0x000043f0        0x2 ./Arduino/hooks.o
                0x000043f0                yield
 .text.__vector_18
                0x000043f2       0xa8 ./Arduino/wiring.o
                0x000043f2                __vector_18
 .text.millis   0x0000449a       0x1c ./Arduino/wiring.o
                0x0000449a                millis
 .text.delayMicroseconds
                0x000044b6       0x14 ./Arduino/wiring.o
                0x000044b6                delayMicroseconds
 .text.init     0x000044ca       0x70 ./Arduino/wiring.o
                0x000044ca                init
 .text.delay    0x0000453a       0xea ./Arduino/wiring.o
                0x0000453a                delay
 .text.analogReference
                0x00004624        0x6 ./Arduino/wiring_analog.o
                0x00004624                analogReference
 .text.analogRead
                0x0000462a       0x44 ./Arduino/wiring_analog.o
                0x0000462a                analogRead
 .text.pinMode  0x0000466e       0x7e ./Arduino/wiring_digital.o
                0x0000466e                pinMode
 .text.digitalWrite
                0x000046ec       0xa8 ./Arduino/wiring_digital.o
                0x000046ec                digitalWrite
 .text.digitalRead
                0x00004794       0xa6 ./Arduino/wiring_digital.o
                0x00004794                digitalRead
 .text._ZN10ByteBuffer5clearEv
                0x0000483a        0xc ./ByteBuffer.o
                0x0000483a                ByteBuffer::clear()
 .text._ZN10ByteBuffer7getSizeEv
                0x00004846        0x8 ./ByteBuffer.o
                0x00004846                ByteBuffer::getSize()
 .text._ZN10ByteBuffer11getCapacityEv
                0x0000484e       0x12 ./ByteBuffer.o
                0x0000484e                ByteBuffer::getCapacity()
 .text._ZN10ByteBuffer3putEh
                0x00004860       0x48 ./ByteBuffer.o
                0x00004860                ByteBuffer::put(unsigned char)
 .text._ZN10ByteBuffer9getLenghtEv
                0x000048a8        0x8 ./ByteBuffer.o
                0x000048a8                ByteBuffer::getLenght()
 .text._ZN10ByteBuffer3getEv
                0x000048b0       0x40 ./ByteBuffer.o
                0x000048b0                ByteBuffer::get()
 .text._ZN10ByteBuffer6getIntEv
                0x000048f0       0x2a ./ByteBuffer.o
                0x000048f0                ByteBuffer::getInt()
 .text._ZN10ByteBuffer7getIntEEv
                0x0000491a       0x2c ./ByteBuffer.o
                0x0000491a                ByteBuffer::getIntE()
 .text._ZN10ByteBuffer10getRUInt32Ev
                0x00004946       0x56 ./ByteBuffer.o
                0x00004946                ByteBuffer::getRUInt32()
 .text._ZN10ByteBuffer4initEj
                0x0000499c       0x2e ./ByteBuffer.o
                0x0000499c                ByteBuffer::init(unsigned int)
 .text._ZN3DHTC1Ehhh
                0x000049ca       0x42 ./DHT.o
                0x000049ca                DHT::DHT(unsigned char, unsigned char, unsigned char)
 .text._ZN3DHT5beginEv
                0x00004a0c       0x26 ./DHT.o
                0x00004a0c                DHT::begin()
 .text._ZN3DHT4readEb
                0x00004a32      0x316 ./DHT.o
                0x00004a32                DHT::read(bool)
 .text._ZN3DHT12readHumidityEb
                0x00004d48       0xa2 ./DHT.o
                0x00004d48                DHT::readHumidity(bool)
 .text._ZN3DHT15readTemperatureEbb
                0x00004dea       0xcc ./DHT.o
                0x00004dea                DHT::readTemperature(bool, bool)
 .text._ZN17DallasTemperatureC1EP7OneWire
                0x00004eb6       0x1e ./DallasTemperature.o
                0x00004eb6                DallasTemperature::DallasTemperature(OneWire*)
 .text._ZN17DallasTemperature14getDeviceCountEv
                0x00004ed4        0x6 ./DallasTemperature.o
                0x00004ed4                DallasTemperature::getDeviceCount()
 .text._ZN17DallasTemperature20calculateTemperatureEPKhPh
                0x00004eda       0x66 ./DallasTemperature.o
                0x00004eda                DallasTemperature::calculateTemperature(unsigned char const*, unsigned char*)
 .text._ZN17DallasTemperature19defaultAlarmHandlerEPKh
                0x00004f40        0x2 ./DallasTemperature.o
                0x00004f40                DallasTemperature::defaultAlarmHandler(unsigned char const*)
 .text._ZN17DallasTemperature15readPowerSupplyEPKh
                0x00004f42       0x4e ./DallasTemperature.o
                0x00004f42                DallasTemperature::readPowerSupply(unsigned char const*)
 .text._ZN17DallasTemperature14readScratchPadEPKhPh
                0x00004f90       0x74 ./DallasTemperature.o
                0x00004f90                DallasTemperature::readScratchPad(unsigned char const*, unsigned char*)
 .text._ZN17DallasTemperature21isConversionAvailableEPKh
                0x00005004       0x34 ./DallasTemperature.o
                0x00005004                DallasTemperature::isConversionAvailable(unsigned char const*)
 .text._ZN17DallasTemperature27blockTillConversionCompleteEhPKh
                0x00005038       0xc0 ./DallasTemperature.o
                0x00005038                DallasTemperature::blockTillConversionComplete(unsigned char, unsigned char const*)
 .text._ZN17DallasTemperature19requestTemperaturesEv
                0x000050f8       0x32 ./DallasTemperature.o
                0x000050f8                DallasTemperature::requestTemperatures()
 .text._ZN17DallasTemperature11isConnectedEPKhPh
                0x0000512a       0x28 ./DallasTemperature.o
                0x0000512a                DallasTemperature::isConnected(unsigned char const*, unsigned char*)
 .text._ZN17DallasTemperature7getTempEPKh
                0x00005152       0x64 ./DallasTemperature.o
                0x00005152                DallasTemperature::getTemp(unsigned char const*)
 .text._ZN17DallasTemperature8getTempCEPKh
                0x000051b6       0x42 ./DallasTemperature.o
                0x000051b6                DallasTemperature::getTempC(unsigned char const*)
 .text._ZN17DallasTemperature13getResolutionEPKh
                0x000051f8       0x6a ./DallasTemperature.o
                0x000051f8                DallasTemperature::getResolution(unsigned char const*)
 .text._ZN17DallasTemperature12validAddressEPKh
                0x00005262       0x20 ./DallasTemperature.o
                0x00005262                DallasTemperature::validAddress(unsigned char const*)
 .text._ZN17DallasTemperature10getAddressEPhh
                0x00005282       0x56 ./DallasTemperature.o
                0x00005282                DallasTemperature::getAddress(unsigned char*, unsigned char)
 .text._ZN17DallasTemperature15getTempCByIndexEh
                0x000052d8       0x5a ./DallasTemperature.o
                0x000052d8                DallasTemperature::getTempCByIndex(unsigned char)
 .text._ZN17DallasTemperature5beginEv
                0x00005332       0xaa ./DallasTemperature.o
                0x00005332                DallasTemperature::begin()
 .text._ZN10HttpClient11endOfStreamEv
                0x000053dc       0x2a ./HttpClient.o
                0x000053dc                HttpClient::endOfStream()
 .text._ZN10HttpClient9completedEv
                0x00005406       0x2a ./HttpClient.o
                0x00005406                HttpClient::completed()
 .text._ZN10HttpClient9availableEv
                0x00005430       0x1e ./HttpClient.o
                0x00005430                HttpClient::available()
 .text._ZN10HttpClient4peekEv
                0x0000544e       0x1e ./HttpClient.o
                0x0000544e                HttpClient::peek()
 .text._ZN10HttpClient5flushEv
                0x0000546c       0x1e ./HttpClient.o
                0x0000546c                HttpClient::flush()
 .text._ZN10HttpClient7connectE9IPAddressj
                0x0000548a       0x64 ./HttpClient.o
                0x0000548a                HttpClient::connect(IPAddress, unsigned int)
 .text._ZN10HttpClient7connectEPKcj
                0x000054ee       0x18 ./HttpClient.o
                0x000054ee                HttpClient::connect(char const*, unsigned int)
 .text._ZN10HttpClient9connectedEv
                0x00005506       0x1e ./HttpClient.o
                0x00005506                HttpClient::connected()
 .text._ZN10HttpClientcvbEv
                0x00005524       0x12 ./HttpClient.o
                0x00005524                HttpClient::operator bool()
 .text._ZN10HttpClient19httpResponseTimeoutEv
                0x00005536        0xc ./HttpClient.o
                0x00005536                HttpClient::httpResponseTimeout()
 .text._ZN10HttpClient22setHttpResponseTimeoutEm
                0x00005542        0xc ./HttpClient.o
                0x00005542                HttpClient::setHttpResponseTimeout(unsigned long)
 .text._ZN10HttpClient4stopEv
                0x0000554e       0x4e ./HttpClient.o
                0x0000554e                HttpClient::stop()
 .text._ZN10HttpClient4readEv
                0x0000559c       0x44 ./HttpClient.o
                0x0000559c                HttpClient::read()
 .text._ZN10HttpClient4readEPhj
                0x000055e0       0x44 ./HttpClient.o
                0x000055e0                HttpClient::read(unsigned char*, unsigned int)
 .text._ZN10HttpClient10readHeaderEv
                0x00005624       0xca ./HttpClient.o
                0x00005624                HttpClient::readHeader()
 .text._GLOBAL__I__ZN10HttpClient10kUserAgentE
                0x000056ee       0x16 ./HttpClient.o
 .text._ZN10HttpClient19skipResponseHeadersEv
                0x00005704       0xa8 ./HttpClient.o
                0x00005704                HttpClient::skipResponseHeaders()
 .text._ZN10HttpClient18responseStatusCodeEv
                0x000057ac      0x18c ./HttpClient.o
                0x000057ac                HttpClient::responseStatusCode()
 .text._ZN10HttpClient13finishHeadersEv
                0x00005938       0x1c ./HttpClient.o
                0x00005938                HttpClient::finishHeaders()
 .text._ZN10HttpClient5writeEPKhj
                0x00005954       0x44 ./HttpClient.o
                0x00005954                HttpClient::write(unsigned char const*, unsigned int)
 .text._ZN10HttpClient5writeEh
                0x00005998       0x30 ./HttpClient.o
                0x00005998                HttpClient::write(unsigned char)
 .text._ZN10HttpClient10sendHeaderEPKcS1_
                0x000059c8       0x3a ./HttpClient.o
                0x000059c8                HttpClient::sendHeader(char const*, char const*)
 .text._ZN10HttpClient18sendInitialHeadersEPKc9IPAddressjS1_S1_S1_
                0x00005a02       0xde ./HttpClient.o
                0x00005a02                HttpClient::sendInitialHeaders(char const*, IPAddress, unsigned int, char const*, char const*, char const*)
 .text._ZN10HttpClient12startRequestEPKcjS1_S1_S1_
                0x00005ae0       0xe6 ./HttpClient.o
                0x00005ae0                HttpClient::startRequest(char const*, unsigned int, char const*, char const*, char const*)
 .text._ZN10HttpClientC1ER6Client
                0x00005bc6       0x66 ./HttpClient.o
                0x00005bc6                HttpClient::HttpClient(Client&)
 .text._ZN7OneWire12reset_searchEv
                0x00005c2c       0x1a ./OneWire.o
                0x00005c2c                OneWire::reset_search()
 .text._ZN7OneWire4crc8EPKhh
                0x00005c46       0x22 ./OneWire.o
                0x00005c46                OneWire::crc8(unsigned char const*, unsigned char)
 .text._ZN7OneWire8read_bitEv
                0x00005c68       0x68 ./OneWire.o
                0x00005c68                OneWire::read_bit()
 .text._ZN7OneWire4readEv
                0x00005cd0       0x38 ./OneWire.o
                0x00005cd0                OneWire::read()
 .text._ZN7OneWire9write_bitEh
                0x00005d08       0x68 ./OneWire.o
                0x00005d08                OneWire::write_bit(unsigned char)
 .text._ZN7OneWire5writeEhh
                0x00005d70       0x7e ./OneWire.o
                0x00005d70                OneWire::write(unsigned char, unsigned char)
 .text._ZN7OneWire4skipEv
                0x00005dee        0x6 ./OneWire.o
                0x00005dee                OneWire::skip()
 .text._ZN7OneWire6selectEPKh
                0x00005df4       0x3e ./OneWire.o
                0x00005df4                OneWire::select(unsigned char const*)
 .text._ZN7OneWire5resetEv
                0x00005e32       0x96 ./OneWire.o
                0x00005e32                OneWire::reset()
 .text._ZN7OneWire6searchEPh
                0x00005ec8      0x122 ./OneWire.o
                0x00005ec8                OneWire::search(unsigned char*)
 .text._ZN7OneWireC1Eh
                0x00005fea       0x6c ./OneWire.o
                0x00005fea                OneWire::OneWire(unsigned char)
 .text.eeprom_read_byte
                0x00006056       0x10 ./ZiinodeGsm.o
 .text.eeprom_write_byte
                0x00006066       0x1a ./ZiinodeGsm.o
 .text._Z41__static_initialization_and_destruction_0ii
                0x00006080       0x96 ./ZiinodeGsm.o
 .text._GLOBAL__D_gsmAccess
                0x00006116        0xa ./ZiinodeGsm.o
 .text._GLOBAL__I_gsmAccess
                0x00006120        0xa ./ZiinodeGsm.o
 .text._ZN10ZiinodeGsm15readAnalogVoltsEii
                0x0000612a      0x16c ./ZiinodeGsm.o
                0x0000612a                ZiinodeGsm::readAnalogVolts(int, int)
 .text._ZN10ZiinodeGsm7readVccEv
                0x00006296       0x4e ./ZiinodeGsm.o
                0x00006296                ZiinodeGsm::readVcc()
 .text._Z10readAnalogi
                0x000062e4       0x9a ./ZiinodeGsm.o
                0x000062e4                readAnalog(int)
 .text._ZN10ZiinodeGsm14readThermistorEii
                0x0000637e       0xce ./ZiinodeGsm.o
                0x0000637e                ZiinodeGsm::readThermistor(int, int)
 .text._Z8lastCommv
                0x0000644c       0x16 ./ZiinodeGsm.o
                0x0000644c                lastComm()
 .text._ZN10ZiinodeGsm6getIntEv
                0x00006462       0x34 ./ZiinodeGsm.o
                0x00006462                ZiinodeGsm::getInt()
 .text._ZN10ZiinodeGsm10setAddressEPc
                0x00006496       0x6c ./ZiinodeGsm.o
                0x00006496                ZiinodeGsm::setAddress(char*)
 .text._ZN10ZiinodeGsm8setDevIdEPc
                0x00006502       0x5e ./ZiinodeGsm.o
                0x00006502                ZiinodeGsm::setDevId(char*)
 .text._ZN10ZiinodeGsm4stopEv
                0x00006560       0x38 ./ZiinodeGsm.o
                0x00006560                ZiinodeGsm::stop()
 .text._ZN10ZiinodeGsm9connectedEv
                0x00006598       0x30 ./ZiinodeGsm.o
                0x00006598                ZiinodeGsm::connected()
 .text._ZN10ZiinodeGsm9checkConnEv
                0x000065c8       0x96 ./ZiinodeGsm.o
                0x000065c8                ZiinodeGsm::checkConn()
 .text._ZN10ZiinodeGsm10writeInt64Ex
                0x0000665e       0xa0 ./ZiinodeGsm.o
                0x0000665e                ZiinodeGsm::writeInt64(long long)
 .text._ZN10ZiinodeGsm11writeUint32Em
                0x000066fe       0x66 ./ZiinodeGsm.o
                0x000066fe                ZiinodeGsm::writeUint32(unsigned long)
 .text._ZN10ZiinodeGsm9writeIntEEi
                0x00006764       0x38 ./ZiinodeGsm.o
                0x00006764                ZiinodeGsm::writeIntE(int)
 .text._ZN10ZiinodeGsm8writeIntEi
                0x0000679c       0x36 ./ZiinodeGsm.o
                0x0000679c                ZiinodeGsm::writeInt(int)
 .text._ZN10ZiinodeGsm3msgEhi
                0x000067d2       0x40 ./ZiinodeGsm.o
                0x000067d2                ZiinodeGsm::msg(unsigned char, int)
 .text._ZN10ZiinodeGsm12sendIntervalEv
                0x00006812       0x22 ./ZiinodeGsm.o
                0x00006812                ZiinodeGsm::sendInterval()
 .text._ZN10ZiinodeGsm5writeEh
                0x00006834        0x6 ./ZiinodeGsm.o
                0x00006834                ZiinodeGsm::write(unsigned char)
 .text._ZN10ZiinodeGsm9writeBodyEhPKhi
                0x0000683a       0x30 ./ZiinodeGsm.o
                0x0000683a                ZiinodeGsm::writeBody(unsigned char, unsigned char const*, int)
 .text._ZN10ZiinodeGsm5writeEPKhj
                0x0000686a        0x6 ./ZiinodeGsm.o
                0x0000686a                ZiinodeGsm::write(unsigned char const*, unsigned int)
 .text._ZN10ZiinodeGsm8writeLogExiPKcz
                0x00006870       0xd4 ./ZiinodeGsm.o
                0x00006870                ZiinodeGsm::writeLog(long long, int, char const*, ...)
 .text._ZN10ZiinodeGsm9sendEventExiPKcz
                0x00006944       0xd4 ./ZiinodeGsm.o
                0x00006944                ZiinodeGsm::sendEvent(long long, int, char const*, ...)
 .text._ZN10ZiinodeGsm9turnOnGsmEv
                0x00006a18       0x90 ./ZiinodeGsm.o
                0x00006a18                ZiinodeGsm::turnOnGsm()
 .text._ZN10ZiinodeGsm5beginEPFvhP10ByteBufferEPFvvEPFviE
                0x00006aa8       0x9a ./ZiinodeGsm.o
                0x00006aa8                ZiinodeGsm::begin(void (*)(unsigned char, ByteBuffer*), void (*)(), void (*)(int))
 .text._ZN10ZiinodeGsm10gsmRestartEv
                0x00006b42        0xa ./ZiinodeGsm.o
                0x00006b42                ZiinodeGsm::gsmRestart()
 .text._ZN10ZiinodeGsm10ether_loopEv
                0x00006b4c      0x8ae ./ZiinodeGsm.o
                0x00006b4c                ZiinodeGsm::ether_loop()
 .text._ZN10ZiinodeGsmC1Ev
                0x000073fa       0x70 ./ZiinodeGsm.o
                0x000073fa                ZiinodeGsm::ZiinodeGsm()
 .text._Z9save8SIntv
                0x0000746a       0x48 ./main.o
                0x0000746a                save8SInt()
 .text._Z8saveBaudv
                0x000074b2       0x48 ./main.o
                0x000074b2                saveBaud()
 .text._Z10saveInTypev
                0x000074fa       0x48 ./main.o
                0x000074fa                saveInType()
 .text._Z7saveResv
                0x00007542       0x48 ./main.o
                0x00007542                saveRes()
 .text._Z8saveTrigv
                0x0000758a       0x48 ./main.o
                0x0000758a                saveTrig()
 .text._Z8initBaudv
                0x000075d2       0x76 ./main.o
                0x000075d2                initBaud()
 .text._Z29PinChangeInterruptEventPCINT0v
                0x00007648       0x14 ./main.o
                0x00007648                PinChangeInterruptEventPCINT0()
 .text._Z29PinChangeInterruptEventPCINT1v
                0x0000765c       0x14 ./main.o
                0x0000765c                PinChangeInterruptEventPCINT1()
 .text._Z29PinChangeInterruptEventPCINT2v
                0x00007670       0x14 ./main.o
                0x00007670                PinChangeInterruptEventPCINT2()
 .text._Z29PinChangeInterruptEventPCINT3v
                0x00007684       0x14 ./main.o
                0x00007684                PinChangeInterruptEventPCINT3()
 .text._Z29PinChangeInterruptEventPCINT4v
                0x00007698       0x14 ./main.o
                0x00007698                PinChangeInterruptEventPCINT4()
 .text._Z29PinChangeInterruptEventPCINT5v
                0x000076ac       0x14 ./main.o
                0x000076ac                PinChangeInterruptEventPCINT5()
 .text._Z29PinChangeInterruptEventPCINT6v
                0x000076c0       0x14 ./main.o
                0x000076c0                PinChangeInterruptEventPCINT6()
 .text._Z29PinChangeInterruptEventPCINT7v
                0x000076d4       0x14 ./main.o
                0x000076d4                PinChangeInterruptEventPCINT7()
 .text._GLOBAL__I_zn
                0x000076e8       0x1c ./main.o
 .text._Z11read_inputsv
                0x00007704      0x236 ./main.o
                0x00007704                read_inputs()
 .text._Z6setPinh
                0x0000793a      0x264 ./main.o
                0x0000793a                setPin(unsigned char)
 .text._Z11trigger_outv
                0x00007b9e       0x96 ./main.o
                0x00007b9e                trigger_out()
 .text._Z13sendInputTypev
                0x00007c34       0x36 ./main.o
                0x00007c34                sendInputType()
 .text._Z15sendWDTSleepCntv
                0x00007c6a       0x28 ./main.o
                0x00007c6a                sendWDTSleepCnt()
 .text._Z8readConfv
                0x00007c92      0x1c2 ./main.o
                0x00007c92                readConf()
 .text.setup    0x00007e54       0x66 ./main.o
                0x00007e54                setup
 .text._Z3acki  0x00007eba       0x2e ./main.o
                0x00007eba                ack(int)
 .text.__vector_8
                0x00007ee8       0x94 ./main.o
                0x00007ee8                __vector_8
 .text._Z11sendBinTrapv
                0x00007f7c       0xc6 ./main.o
                0x00007f7c                sendBinTrap()
 .text.loop     0x00008042       0x7c ./main.o
                0x00008042                loop
 .text.main     0x000080be        0xa ./main.o
                0x000080be                main
 .text._Z11sendTrigAllv
                0x000080c8       0x12 ./main.o
                0x000080c8                sendTrigAll()
 .text._Z4cackv
                0x000080da       0x20 ./main.o
                0x000080da                cack()
 .text._Z14savePostingIntv
                0x000080fa       0x70 ./main.o
                0x000080fa                savePostingInt()
 .text._Z12dataReceivedhP10ByteBuffer
                0x0000816a      0x7ba ./main.o
                0x0000816a                dataReceived(unsigned char, ByteBuffer*)
 .text.fplib    0x00008924        0xa c:/ed/arduino-1.5.6-r2/hardware/tools/avr/bin/../lib/gcc/avr/4.3.2/../../../../avr/lib/avr5\libm.a(addsf3.o)
                0x00008924                __subsf3
                0x00008926                __addsf3
 .text.fplib    0x0000892e       0xc0 c:/ed/arduino-1.5.6-r2/hardware/tools/avr/bin/../lib/gcc/avr/4.3.2/../../../../avr/lib/avr5\libm.a(addsf3x.o)
                0x00008948                __addsf3x
 .text.fplib    0x000089ee        0x8 c:/ed/arduino-1.5.6-r2/hardware/tools/avr/bin/../lib/gcc/avr/4.3.2/../../../../avr/lib/avr5\libm.a(cmpsf2.o)
                0x000089ee                __lesf2
                0x000089ee                __nesf2
                0x000089ee                __eqsf2
                0x000089ee                __cmpsf2
                0x000089ee                __ltsf2
 .text.fplib    0x000089f6        0x4 c:/ed/arduino-1.5.6-r2/hardware/tools/avr/bin/../lib/gcc/avr/4.3.2/../../../../avr/lib/avr5\libm.a(divsf3.o)
                0x000089f6                __divsf3
 .text.fplib    0x000089fa       0xcc c:/ed/arduino-1.5.6-r2/hardware/tools/avr/bin/../lib/gcc/avr/4.3.2/../../../../avr/lib/avr5\libm.a(divsf3x.o)
                0x00008a10                __divsf3x
                0x00008a14                __divsf3_pse
 .text.fplib    0x00008ac6        0xa c:/ed/arduino-1.5.6-r2/hardware/tools/avr/bin/../lib/gcc/avr/4.3.2/../../../../avr/lib/avr5\libm.a(fixsfsi.o)
                0x00008ac6                __fixsfsi
 .text.fplib    0x00008ad0       0x58 c:/ed/arduino-1.5.6-r2/hardware/tools/avr/bin/../lib/gcc/avr/4.3.2/../../../../avr/lib/avr5\libm.a(fixunssfsi.o)
                0x00008ad0                __fixunssfsi
 .text.fplib    0x00008b28       0x7a c:/ed/arduino-1.5.6-r2/hardware/tools/avr/bin/../lib/gcc/avr/4.3.2/../../../../avr/lib/avr5\libm.a(floatsisf.o)
                0x00008b2c                __floatsisf
                0x00008b28                __floatunsisf
 .text.fplib    0x00008ba2       0x48 c:/ed/arduino-1.5.6-r2/hardware/tools/avr/bin/../lib/gcc/avr/4.3.2/../../../../avr/lib/avr5\libm.a(fp_cmp.o)
                0x00008ba2                __fp_cmp
 .text.fplib    0x00008bea        0xc c:/ed/arduino-1.5.6-r2/hardware/tools/avr/bin/../lib/gcc/avr/4.3.2/../../../../avr/lib/avr5\libm.a(fp_inf.o)
                0x00008bea                __fp_inf
 .text.fplib    0x00008bf6        0x6 c:/ed/arduino-1.5.6-r2/hardware/tools/avr/bin/../lib/gcc/avr/4.3.2/../../../../avr/lib/avr5\libm.a(fp_nan.o)
                0x00008bf6                __fp_nan
 .text.fplib    0x00008bfc        0xe c:/ed/arduino-1.5.6-r2/hardware/tools/avr/bin/../lib/gcc/avr/4.3.2/../../../../avr/lib/avr5\libm.a(fp_pscA.o)
                0x00008bfc                __fp_pscA
 .text.fplib    0x00008c0a        0xe c:/ed/arduino-1.5.6-r2/hardware/tools/avr/bin/../lib/gcc/avr/4.3.2/../../../../avr/lib/avr5\libm.a(fp_pscB.o)
                0x00008c0a                __fp_pscB
 .text.fplib    0x00008c18       0x22 c:/ed/arduino-1.5.6-r2/hardware/tools/avr/bin/../lib/gcc/avr/4.3.2/../../../../avr/lib/avr5\libm.a(fp_round.o)
                0x00008c18                __fp_round
 .text.fplib    0x00008c3a       0x44 c:/ed/arduino-1.5.6-r2/hardware/tools/avr/bin/../lib/gcc/avr/4.3.2/../../../../avr/lib/avr5\libm.a(fp_split3.o)
                0x00008c3a                __fp_split3
                0x00008c4a                __fp_splitA
 .text.fplib    0x00008c7e        0xe c:/ed/arduino-1.5.6-r2/hardware/tools/avr/bin/../lib/gcc/avr/4.3.2/../../../../avr/lib/avr5\libm.a(fp_zero.o)
                0x00008c7e                __fp_zero
                0x00008c80                __fp_szero
 .text.fplib    0x00008c8c       0x8a c:/ed/arduino-1.5.6-r2/hardware/tools/avr/bin/../lib/gcc/avr/4.3.2/../../../../avr/lib/avr5\libm.a(log.o)
                0x00008c96                log
 .text.fplib    0x00008d16        0x4 c:/ed/arduino-1.5.6-r2/hardware/tools/avr/bin/../lib/gcc/avr/4.3.2/../../../../avr/lib/avr5\libm.a(mulsf3.o)
                0x00008d16                __mulsf3
 .text.fplib    0x00008d1a       0xc2 c:/ed/arduino-1.5.6-r2/hardware/tools/avr/bin/../lib/gcc/avr/4.3.2/../../../../avr/lib/avr5\libm.a(mulsf3x.o)
                0x00008d32                __mulsf3_pse
                0x00008d2e                __mulsf3x
 .text.fplib    0x00008ddc       0x20 c:/ed/arduino-1.5.6-r2/hardware/tools/avr/bin/../lib/gcc/avr/4.3.2/../../../../avr/lib/avr5\libm.a(fp_mpack.o)
                0x00008ddc                __fp_mpack
 .text.fplib    0x00008dfc       0x4a c:/ed/arduino-1.5.6-r2/hardware/tools/avr/bin/../lib/gcc/avr/4.3.2/../../../../avr/lib/avr5\libm.a(fp_powser.o)
                0x00008dfc                __fp_powser
 .text.libgcc   0x00008e46       0x3e c:/ed/arduino-1.5.6-r2/hardware/tools/avr/bin/../lib/gcc/avr/4.3.2/avr5\libgcc.a(_mulsi3.o)
                0x00008e46                __mulsi3
 .text.libgcc   0x00008e84       0x28 c:/ed/arduino-1.5.6-r2/hardware/tools/avr/bin/../lib/gcc/avr/4.3.2/avr5\libgcc.a(_udivmodhi4.o)
                0x00008e84                __udivmodhi4
 .text.libgcc   0x00008eac       0x26 c:/ed/arduino-1.5.6-r2/hardware/tools/avr/bin/../lib/gcc/avr/4.3.2/avr5\libgcc.a(_divmodhi4.o)
                0x00008eac                __divmodhi4
                0x00008eac                _div
 .text.libgcc   0x00008ed2       0x44 c:/ed/arduino-1.5.6-r2/hardware/tools/avr/bin/../lib/gcc/avr/4.3.2/avr5\libgcc.a(_udivmodsi4.o)
                0x00008ed2                __udivmodsi4
 .text.libgcc   0x00008f16       0x36 c:/ed/arduino-1.5.6-r2/hardware/tools/avr/bin/../lib/gcc/avr/4.3.2/avr5\libgcc.a(_divmodsi4.o)
                0x00008f16                __divmodsi4
 .text.libgcc   0x00008f4c        0xc c:/ed/arduino-1.5.6-r2/hardware/tools/avr/bin/../lib/gcc/avr/4.3.2/avr5\libgcc.a(_tablejump.o)
                0x00008f50                __tablejump__
                0x00008f4c                __tablejump2__
 .text.libgcc   0x00008f58       0x38 c:/ed/arduino-1.5.6-r2/hardware/tools/avr/bin/../lib/gcc/avr/4.3.2/avr5\libgcc.a(_prologue.o)
                0x00008f58                __prologue_saves__
 .text.libgcc   0x00008f90       0x36 c:/ed/arduino-1.5.6-r2/hardware/tools/avr/bin/../lib/gcc/avr/4.3.2/avr5\libgcc.a(_epilogue.o)
                0x00008f90                __epilogue_restores__
                0x00008fc6                . = ALIGN (0x2)
 *(.fini9)
 .fini9         0x00008fc6        0x0 c:/ed/arduino-1.5.6-r2/hardware/tools/avr/bin/../lib/gcc/avr/4.3.2/avr5\libgcc.a(_exit.o)
                0x00008fc6                exit
                0x00008fc6                _exit
 *(.fini9)
 *(.fini8)
 *(.fini8)
 *(.fini7)
 *(.fini7)
 *(.fini6)
 .fini6         0x00008fc6       0x14 c:/ed/arduino-1.5.6-r2/hardware/tools/avr/bin/../lib/gcc/avr/4.3.2/avr5\libgcc.a(_dtors.o)
                0x00008fc6                __do_global_dtors
 *(.fini6)
 *(.fini5)
 *(.fini5)
 *(.fini4)
 *(.fini4)
 *(.fini3)
 *(.fini3)
 *(.fini2)
 *(.fini2)
 *(.fini1)
 *(.fini1)
 *(.fini0)
 .fini0         0x00008fda        0x4 c:/ed/arduino-1.5.6-r2/hardware/tools/avr/bin/../lib/gcc/avr/4.3.2/avr5\libgcc.a(_exit.o)
 *(.fini0)
                0x00008fde                _etext = .

.data           0x00800100      0x598 load address 0x00008fde
                0x00800100                PROVIDE (__data_start, .)
 *(.data)
 .data          0x00800100        0x2 ./gsm/GSM3CircularBuffer.o
 .data          0x00800102       0x2a ./gsm/GSM3ShieldV1AccessProvider.o
 .data          0x0080012c       0x29 ./gsm/GSM3ShieldV1ClientProvider.o
 .data          0x00800155       0x17 ./gsm/GSM3ShieldV1DataNetworkProvider.o
 .data          0x0080016c       0x12 ./gsm/GSM3ShieldV1ModemCore.o
 .data          0x0080017e       0x27 ./gsm/GSM3ShieldV1SMSProvider.o
 .data          0x008001a5       0x83 ./HttpClient.o
 .data          0x00800228      0x1b8 ./ZiinodeGsm.o
 .data          0x008003e0      0x189 ./main.o
 *(.data*)
 .data.__ok__   0x00800569        0x2 ./gsm/GSM3ShieldV1ModemCore.o
                0x00800569                __ok__
 .data.__malloc_margin
                0x0080056b        0x2 ./Arduino/avr-libc/malloc.o
                0x0080056b                __malloc_margin
 .data.__malloc_heap_start
                0x0080056d        0x2 ./Arduino/avr-libc/malloc.o
                0x0080056d                __malloc_heap_start
 .data.__malloc_heap_end
                0x0080056f        0x2 ./Arduino/avr-libc/malloc.o
                0x0080056f                __malloc_heap_end
 .data._ZL9tone_pins
                0x00800571        0x1 ./Arduino/Tone.o
 .data.analog_reference
                0x00800572        0x1 ./Arduino/wiring_analog.o
                0x00800572                analog_reference
 .data._ZN10HttpClient10kUserAgentE
                0x00800573        0x2 ./HttpClient.o
                0x00800573                HttpClient::kUserAgent
 .data._ZN10HttpClient20kContentLengthPrefixE
                0x00800575        0x2 ./HttpClient.o
                0x00800575                HttpClient::kContentLengthPrefix
 .data.in_pin   0x00800577        0x8 ./main.o
                0x00800577                in_pin
 .data.out_pins
                0x0080057f        0x4 ./main.o
                0x0080057f                out_pins
 .data.baud     0x00800583        0x2 ./main.o
                0x00800583                baud
 .data.oper     0x00800585        0x3 ./main.o
                0x00800585                oper
 *(.rodata)
 *(.rodata*)
 .rodata._ZTV23GSM3MobileClientService
                0x00800588       0x1c ./gsm/GSM3MobileClientService.o
                0x00800588                vtable for GSM3MobileClientService
 .rodata._ZTV26GSM3ShieldV1AccessProvider
                0x008005a4       0x18 ./gsm/GSM3ShieldV1AccessProvider.o
                0x008005a4                vtable for GSM3ShieldV1AccessProvider
 .rodata._ZTV26GSM3ShieldV1ClientProvider
                0x008005bc       0x32 ./gsm/GSM3ShieldV1ClientProvider.o
                0x008005bc                vtable for GSM3ShieldV1ClientProvider
 .rodata._ZTV31GSM3ShieldV1DataNetworkProvider
                0x008005ee       0x12 ./gsm/GSM3ShieldV1DataNetworkProvider.o
                0x008005ee                vtable for GSM3ShieldV1DataNetworkProvider
 .rodata._ZTV31GSM3ShieldV1DirectModemProvider
                0x00800600       0x22 ./gsm/GSM3ShieldV1DirectModemProvider.o
                0x00800600                vtable for GSM3ShieldV1DirectModemProvider
 .rodata._ZTV21GSM3ShieldV1ModemCore
                0x00800622       0x12 ./gsm/GSM3ShieldV1ModemCore.o
                0x00800622                vtable for GSM3ShieldV1ModemCore
 .rodata._ZTV23GSM3ShieldV1SMSProvider
                0x00800634       0x20 ./gsm/GSM3ShieldV1SMSProvider.o
                0x00800634                vtable for GSM3ShieldV1SMSProvider
 .rodata._ZTV14GSM3SoftSerial
                0x00800654        0xa ./gsm/GSM3SoftSerial.o
                0x00800654                vtable for GSM3SoftSerial
 .rodata._ZTV11NeoHWSerial
                0x0080065e       0x10 ./NeoHWSerial/NeoHWSerial.o
                0x0080065e                vtable for NeoHWSerial
 .rodata._ZTV9IPAddress
                0x0080066e        0x6 ./Arduino/IPAddress.o
                0x0080066e                vtable for IPAddress
 .rodata._ZTV10HttpClient
                0x00800674       0x24 ./HttpClient.o
                0x00800674                vtable for HttpClient
 *(.gnu.linkonce.d*)
                0x00800698                . = ALIGN (0x2)
                0x00800698                _edata = .
                0x00800698                PROVIDE (__data_end, .)

.bss            0x00800698      0x5f9
                0x00800698                PROVIDE (__bss_start, .)
 *(.bss)
 *(.bss*)
 .bss.oldPorts  0x00800698        0x4 ./pcint/PinChangeInterrupt.o
                0x00800698                oldPorts
 .bss.fallingPorts
                0x0080069c        0x4 ./pcint/PinChangeInterrupt.o
                0x0080069c                fallingPorts
 .bss.risingPorts
                0x008006a0        0x4 ./pcint/PinChangeInterrupt.o
                0x008006a0                risingPorts
 .bss._ZL11INADDR_NONE
                0x008006a4        0x6 ./gsm/AGSMSSL.o
 .bss._ZL11INADDR_NONE
                0x008006aa        0x6 ./gsm/AGSMSSLProvicer.o
 .bss.theGSM3MobileClientProvider
                0x008006b0        0x2 ./gsm/GSM3MobileClientProvider.o
                0x008006b0                theGSM3MobileClientProvider
 .bss._ZL11INADDR_NONE
                0x008006b2        0x6 ./gsm/GSM3MobileClientProvider.o
 .bss.theShieldV1ClientProvider
                0x008006b8       0x1e ./gsm/GSM3MobileClientService.o
                0x008006b8                theShieldV1ClientProvider
 .bss._ZL11INADDR_NONE
                0x008006d6        0x6 ./gsm/GSM3MobileClientService.o
 .bss._ZL11INADDR_NONE
                0x008006dc        0x6 ./gsm/GSM3MobileNetworkProvider.o
 .bss.theMobileNetworkRegistry
                0x008006e2        0x2 ./gsm/GSM3MobileNetworkRegistry.o
                0x008006e2                theMobileNetworkRegistry
 .bss._ZL11INADDR_NONE
                0x008006e4        0x6 ./gsm/GSM3MobileNetworkRegistry.o
 .bss.theGSM3SMSProvider
                0x008006ea        0x2 ./gsm/GSM3MobileSMSProvider.o
                0x008006ea                theGSM3SMSProvider
 .bss.theShieldV1SMSProvider
                0x008006ec        0xa ./gsm/GSM3SMSService.o
                0x008006ec                theShieldV1SMSProvider
 .bss._ZL11INADDR_NONE
                0x008006f6        0x6 ./gsm/GSM3SMSService.o
 .bss._ZL11INADDR_NONE
                0x008006fc        0x6 ./gsm/GSM3ShieldV1.o
 .bss._ZL11INADDR_NONE
                0x00800702        0x6 ./gsm/GSM3ShieldV1ClientProvider.o
 .bss._ZL11INADDR_NONE
                0x00800708        0x6 ./gsm/GSM3ShieldV1DataNetworkProvider.o
 .bss._ZL11INADDR_NONE
                0x0080070e        0x6 ./gsm/GSM3ShieldV1DirectModemProvider.o
 .bss.theGSM3ShieldV1ModemCore
                0x00800714      0x12e ./gsm/GSM3ShieldV1ModemCore.o
                0x00800714                theGSM3ShieldV1ModemCore
 .bss._ZL11INADDR_NONE
                0x00800842        0x6 ./gsm/GSM3ShieldV1MultiClientProvider.o
 .bss._ZN14GSM3SoftSerial13_activeObjectE
                0x00800848        0x2 ./gsm/GSM3SoftSerial.o
                0x00800848                GSM3SoftSerial::_activeObject
 .bss.NeoSerial
                0x0080084a       0x9f ./NeoHWSerial/NeoHWSerial0.o
                0x0080084a                NeoSerial
 .bss.NeoSerial1
                0x008008e9       0x9f ./NeoHWSerial/NeoHWSerial1.o
                0x008008e9                NeoSerial1
 .bss._ZL11INADDR_NONE
                0x00800988        0x6 ./Arduino/IPAddress.o
 .bss.timer2_toggle_count
                0x0080098e        0x4 ./Arduino/Tone.o
                0x0080098e                timer2_toggle_count
 .bss.timer2_pin_port
                0x00800992        0x2 ./Arduino/Tone.o
                0x00800992                timer2_pin_port
 .bss.timer2_pin_mask
                0x00800994        0x1 ./Arduino/Tone.o
                0x00800994                timer2_pin_mask
 .bss.intFunc   0x00800995        0x6 ./Arduino/WInterrupts.o
 .bss.timer0_overflow_count
                0x0080099b        0x4 ./Arduino/wiring.o
                0x0080099b                timer0_overflow_count
 .bss.timer0_millis
                0x0080099f        0x4 ./Arduino/wiring.o
                0x0080099f                timer0_millis
 .bss.timer0_fract
                0x008009a3        0x1 ./Arduino/wiring.o
 .bss._ZL11INADDR_NONE
                0x008009a4        0x6 ./HttpClient.o
 .bss.gsmAccess
                0x008009aa        0x4 ./ZiinodeGsm.o
                0x008009aa                gsmAccess
 .bss.gprsAccess
                0x008009ae       0x17 ./ZiinodeGsm.o
                0x008009ae                gprsAccess
 .bss.IMEI      0x008009c5        0x6 ./ZiinodeGsm.o
                0x008009c5                IMEI
 .bss.errortext
                0x008009cb        0x6 ./ZiinodeGsm.o
                0x008009cb                errortext
 .bss.oktext    0x008009d1        0x6 ./ZiinodeGsm.o
                0x008009d1                oktext
 .bss.log_buf   0x008009d7        0x2 ./ZiinodeGsm.o
                0x008009d7                log_buf
 .bss.lb        0x008009d9       0xff ./ZiinodeGsm.o
                0x008009d9                lb
 .bss.ul_LastComm
                0x00800ad8        0x4 ./ZiinodeGsm.o
                0x00800ad8                ul_LastComm
 .bss.response  0x00800adc       0x10 ./ZiinodeGsm.o
                0x00800adc                response
 .bss.timeoutStart
                0x00800aec        0x4 ./ZiinodeGsm.o
                0x00800aec                timeoutStart
 .bss.cfCnt     0x00800af0        0x2 ./ZiinodeGsm.o
                0x00800af0                cfCnt
 .bss.samples   0x00800af2        0xa ./ZiinodeGsm.o
                0x00800af2                samples
 .bss._ZL11INADDR_NONE
                0x00800afc        0x6 ./ZiinodeGsm.o
 .bss.zn        0x00800b02       0x3c ./main.o
                0x00800b02                zn
 .bss.readings  0x00800b3e       0x22 ./main.o
                0x00800b3e                readings
 .bss.in_type   0x00800b60        0x8 ./main.o
                0x00800b60                in_type
 .bss.in_res    0x00800b68       0x10 ./main.o
                0x00800b68                in_res
 .bss.trigger   0x00800b78       0x78 ./main.o
                0x00800b78                trigger
 .bss.out_s     0x00800bf0        0x1 ./main.o
                0x00800bf0                out_s
 .bss.hasAck    0x00800bf1        0x1 ./main.o
                0x00800bf1                hasAck
 .bss.f_wdt     0x00800bf2        0x2 ./main.o
                0x00800bf2                f_wdt
 .bss.wdt_8sec  0x00800bf4        0x2 ./main.o
                0x00800bf4                wdt_8sec
 .bss.sdSessid  0x00800bf6        0x2 ./main.o
                0x00800bf6                sdSessid
 .bss.sdMsgId   0x00800bf8        0x2 ./main.o
                0x00800bf8                sdMsgId
 .bss.u32StartTime
                0x00800bfa        0x4 ./main.o
                0x00800bfa                u32StartTime
 .bss.arr       0x00800bfe       0x80 ./main.o
                0x00800bfe                arr
 .bss.arrSize   0x00800c7e        0x1 ./main.o
                0x00800c7e                arrSize
 .bss.T1_5      0x00800c7f        0x2 ./main.o
                0x00800c7f                T1_5
 .bss.T3_5      0x00800c81        0x2 ./main.o
                0x00800c81                T3_5
 .bss.lastConnectionTime
                0x00800c83        0x4 ./main.o
                0x00800c83                lastConnectionTime
 .bss._ZL11INADDR_NONE
                0x00800c87        0x6 ./main.o
 *(COMMON)
 COMMON         0x00800c8d        0x4 ./Arduino/avr-libc/malloc.o
                0x00800c8d                __brkval
                0x00800c8f                __flp
                0x00800c91                PROVIDE (__bss_end, .)
                0x00008fde                __data_load_start = LOADADDR (.data)
                0x00009576                __data_load_end = (__data_load_start + SIZEOF (.data))
